Component: ARM Compiler 5.05 update 2 (build 169) Tool: armlink [4d0f33]

==============================================================================

Section Cross References

    main.o(.text) refers to stm32f4xx_hal_rcc.o(.text) for HAL_RCC_OscConfig
    main.o(.text) refers to rt_cmsis.o(i.osKernelInitialize) for osKernelInitialize
    main.o(.text) refers to stm32f4xx_hal.o(.text) for HAL_Init
    main.o(.text) refers to tim.o(.text) for TimInit
    main.o(.text) refers to thread_led.o(.text) for initializeLED_IO
    main.o(.text) refers to thread_accel.o(.text) for initializeACCEL_IO
    main.o(.text) refers to thread_adctemp.o(.text) for initializeADCTemp_IO
    main.o(.text) refers to thread_spi.o(.text) for initializeSPI_IO
    main.o(.text) refers to rt_cmsis.o(i.osKernelStart) for osKernelStart
    main.o(.text) refers to rt_time.o(.data) for os_time
    main.o(.text) refers to tim.o(.bss) for TIM3_Handle
    thread_led.o(.text) refers to rt_cmsis.o(i.osThreadCreate) for osThreadCreate
    thread_led.o(.text) refers to stm32f4xx_hal_gpio.o(.text) for HAL_GPIO_Init
    thread_led.o(.text) refers to thread_led.o(.constdata) for os_thread_def_Thread_LED
    thread_led.o(.text) refers to thread_led.o(.data) for tid_Thread_LED
    thread_led.o(.text) refers to thread_led.o(.bss) for LED_configuration
    thread_led.o(.text) refers to tim.o(.data) for timcounter
    thread_led.o(.constdata) refers to thread_led.o(.text) for Thread_LED
    supporting_functions.o(.text) refers to printfb.o(i.__0printf$bare) for __2printf
    tim.o(.text) refers to stm32f4xx_hal_tim.o(.text) for HAL_TIM_Base_Init
    tim.o(.text) refers to stm32f4xx_hal_cortex.o(.text) for HAL_NVIC_SetPriority
    tim.o(.text) refers to thread_led.o(.text) for BrightnessControl
    tim.o(.text) refers to rt_cmsis.o(i.osSignalSet) for osSignalSet
    tim.o(.text) refers to tim.o(.data) for timcounter
    tim.o(.text) refers to thread_adctemp.o(.data) for tid_Thread_ADCTemp
    tim.o(.text) refers to thread_spi.o(.data) for tid_Thread_SPI
    tim.o(.text) refers to thread_accel.o(.data) for TAP
    tim.o(.text) refers to tim.o(.bss) for TIM3_Handle
    thread_accel.o(.text) refers to rt_cmsis.o(i.osThreadCreate) for osThreadCreate
    thread_accel.o(.text) refers to f2d.o(.text) for __aeabi_f2d
    thread_accel.o(.text) refers to pow.o(i.__hardfp_pow) for __hardfp_pow
    thread_accel.o(.text) refers to dadd.o(.text) for __aeabi_dadd
    thread_accel.o(.text) refers to sqrt.o(i.__hardfp_sqrt) for __hardfp_sqrt
    thread_accel.o(.text) refers to ddiv.o(.text) for __aeabi_ddiv
    thread_accel.o(.text) refers to atan.o(i.__hardfp_atan) for __hardfp_atan
    thread_accel.o(.text) refers to dmul.o(.text) for __aeabi_dmul
    thread_accel.o(.text) refers to d2f.o(.text) for __aeabi_d2f
    thread_accel.o(.text) refers to fabs.o(i.__hardfp_fabs) for __hardfp_fabs
    thread_accel.o(.text) refers to cdrcmple.o(.text) for __aeabi_cdrcmple
    thread_accel.o(.text) refers to rt_cmsis.o(i.osDelay) for osDelay
    thread_accel.o(.text) refers to thread_accel.o(.constdata) for os_thread_def_Thread_ACCEL
    thread_accel.o(.text) refers to thread_accel.o(.data) for tid_Thread_ACCEL
    thread_accel.o(.text) refers to tim.o(.data) for msecond
    thread_accel.o(.text) refers to kalmanfilter.o(.text) for init_KF
    thread_accel.o(.text) refers to rt_cmsis.o(i.osSignalWait) for osSignalWait
    thread_accel.o(.text) refers to lis3dsh.o(.text) for LIS3DSH_ReadACC
    thread_accel.o(.text) refers to stm32f4xx_hal_gpio.o(.text) for HAL_GPIO_Init
    thread_accel.o(.text) refers to stm32f4xx_hal_cortex.o(.text) for HAL_NVIC_EnableIRQ
    thread_accel.o(.text) refers to rt_cmsis.o(i.osSignalSet) for osSignalSet
    thread_accel.o(.text) refers to thread_accel.o(.bss) for previous
    thread_accel.o(.constdata) refers to thread_accel.o(.text) for Thread_ACCEL
    thread_adctemp.o(.text) refers to stm32f4xx_hal_adc.o(.text) for HAL_ADC_Init
    thread_adctemp.o(.text) refers to rt_cmsis.o(i.osThreadCreate) for osThreadCreate
    thread_adctemp.o(.text) refers to kalmanfilter.o(.text) for init_KF
    thread_adctemp.o(.text) refers to rt_cmsis.o(i.osSignalWait) for osSignalWait
    thread_adctemp.o(.text) refers to thread_adctemp.o(.bss) for ADC1_Handle
    thread_adctemp.o(.text) refers to thread_adctemp.o(.constdata) for os_thread_def_Thread_ADCTemp
    thread_adctemp.o(.text) refers to thread_adctemp.o(.data) for tid_Thread_ADCTemp
    thread_adctemp.o(.constdata) refers to thread_adctemp.o(.text) for Thread_ADCTemp
    thread_spi.o(.text) refers to stm32f4xx_hal_gpio.o(.text) for HAL_GPIO_Init
    thread_spi.o(.text) refers to stm32f4xx_hal_spi.o(.text) for HAL_SPI_DeInit
    thread_spi.o(.text) refers to printfb.o(i.__0printf$bare) for __2printf
    thread_spi.o(.text) refers to rt_cmsis.o(i.osThreadCreate) for osThreadCreate
    thread_spi.o(.text) refers to rt_cmsis.o(i.osSignalWait) for osSignalWait
[...]
    uwTick                                   0x20000098   Data           4  stm32f4xx_hal.o(.data)
    .data                                    0x2000009c   Section        4  system_stm32f4xx.o(.data)
    .data                                    0x200000a0   Section        8  rt_cmsis.o(.data)
    .data                                    0x200000a8   Section        4  rt_time.o(.data)
    .data                                    0x200000ac   Section        8  rt_task.o(.data)
    .data                                    0x200000b4   Section        8  rt_system.o(.data)
    os_lock                                  0x200000b4   Data           1  rt_system.o(.data)
    os_psh_flag                              0x200000b5   Data           1  rt_system.o(.data)
    pend_flags                               0x200000b6   Data           1  rt_system.o(.data)
    .data                                    0x200000bc   Section        1  hal_cm.o(.data)
    .data                                    0x200000c0   Section        8  rt_robin.o(.data)
    .data                                    0x200000c8   Section        4  stdout.o(.data)
    .data                                    0x200000cc   Section        4  errno.o(.data)
    _errno                                   0x200000cc   Data           4  errno.o(.data)
    .bss                                     0x200000d0   Section       40  thread_led.o(.bss)
    .bss                                     0x200000f8   Section       60  tim.o(.bss)
    .bss                                     0x20000134   Section       68  thread_accel.o(.bss)
    .bss                                     0x20000178   Section      132  thread_adctemp.o(.bss)
    .bss                                     0x200001fc   Section       88  thread_spi.o(.bss)
    .bss                                     0x20000254   Section       88  lis3dsh.o(.bss)
    .bss                                     0x200002b0   Section     8008  rtx_conf_cm.o(.bss)
    .bss                                     0x200021f8   Section       52  rt_task.o(.bss)
    .bss                                     0x2000222c   Section       48  rt_list.o(.bss)
    STACK                                    0x20002260   Section     1024  startup_stm32f407xx.o(STACK)

    Global Symbols

    Symbol Name                              Value     Ov Type        Size  Object(Section)

    BuildAttributes$$THM_ISAv4$E$P$D$K$B$S$7EM$VFPi3$EXTD16$VFPS$VFMA$PE$A:L22UL41UL21$X:L11$S22US41US21$IEEE1$IW$USESV6$~STKCKD$USESV7$~SHL$OTIME$ROPI$IEEEX$EBA8$MICROLIB$REQ8$PRES8$EABIv2 0x00000000   Number         0  anon$$obj.o ABSOLUTE
    __ARM_use_no_argv                        0x00000000   Number         0  main.o ABSOLUTE
    __cpp_initialize__aeabi_                  - Undefined Weak Reference
    __cxa_finalize                            - Undefined Weak Reference
    __decompress                              - Undefined Weak Reference
    _clock_init                               - Undefined Weak Reference
    _microlib_exit                            - Undefined Weak Reference
    __Vectors_Size                           0x00000188   Number         0  startup_stm32f407xx.o ABSOLUTE
    __RL_RTX_VER                             0x00000480   Number         0  rt_system.o ABSOLUTE
    __Vectors                                0x08000000   Data           4  startup_stm32f407xx.o(RESET)
    __Vectors_End                            0x08000188   Data           0  startup_stm32f407xx.o(RESET)
    __main                                   0x08000189   Thumb Code     0  entry.o(.ARM.Collect$$$$00000000)
    _main_stk                                0x08000189   Thumb Code     0  entry2.o(.ARM.Collect$$$$00000001)
    _main_scatterload                        0x0800018d   Thumb Code     0  entry5.o(.ARM.Collect$$$$00000004)
    __main_after_scatterload                 0x08000191   Thumb Code     0  entry5.o(.ARM.Collect$$$$00000004)
    __rt_final_cpp                           0x08000191   Thumb Code     0  entry10a.o(.ARM.Collect$$$$0000000D)
    __rt_final_exit                          0x08000191   Thumb Code     0  entry11a.o(.ARM.Collect$$$$0000000F)
    _main_clock                              0x08000191   Thumb Code     0  entry7b.o(.ARM.Collect$$$$00000008)
    _main_cpp_init                           0x08000191   Thumb Code     0  entry8b.o(.ARM.Collect$$$$0000000A)
    _main_init                               0x08000191   Thumb Code    18  rtx_conf_cm.o(.ARM.Collect$$$$000000FF)
    rt_set_PSP                               0x080001ad   Thumb Code     6  hal_cm4.o(.emb_text)
    rt_get_PSP                               0x080001b3   Thumb Code     6  hal_cm4.o(.emb_text)
    os_set_env                               0x080001b9   Thumb Code    24  hal_cm4.o(.emb_text)
    _alloc_box                               0x080001d5   Thumb Code    28  hal_cm4.o(.emb_text)
    _free_box                                0x080001f5   Thumb Code    28  hal_cm4.o(.emb_text)
    SVC_Handler                              0x08000215   Thumb Code   168  hal_cm4.o(.emb_text)
    PendSV_Handler                           0x080002cd   Thumb Code    96  hal_cm4.o(.emb_text)
    SysTick_Handler                          0x08000331   Thumb Code     8  hal_cm4.o(.emb_text)
    OS_Tick_Handler                          0x08000339   Thumb Code    12  hal_cm4.o(.emb_text)
    HAL_GetTick                              0x08000345   Thumb Code     6  main.o(.text)
    SystemClock_Config                       0x0800034b   Thumb Code   142  main.o(.text)
    main                                     0x080003d9   Thumb Code    64  main.o(.text)
    start_Thread_LED                         0x08000429   Thumb Code    30  thread_led.o(.text)
    initializeLED_IO                         0x08000447   Thumb Code    62  thread_led.o(.text)
    ledInit                                  0x08000485   Thumb Code    62  thread_led.o(.text)
    ledOFF                                   0x080004c3   Thumb Code    52  thread_led.o(.text)
    ledON                                    0x080004f7   Thumb Code    44  thread_led.o(.text)
    Scenario_Signal                          0x08000523   Thumb Code   208  thread_led.o(.text)
    BrightnessControl                        0x080005f3   Thumb Code    48  thread_led.o(.text)
    Thread_LED                               0x08000623   Thumb Code   148  thread_led.o(.text)
    init_KF                                  0x080006e5   Thumb Code    22  kalmanfilter.o(.text)
    update_KF                                0x080006fb   Thumb Code    98  kalmanfilter.o(.text)
    TimInit                                  0x0800075d   Thumb Code    82  tim.o(.text)
    HAL_TIM_PeriodElapsedCallback            0x080007af   Thumb Code   132  tim.o(.text)
    TIM3_IRQHandler                          0x08000833   Thumb Code    10  tim.o(.text)
    start_Thread_ACCEL                       0x08000869   Thumb Code    30  thread_accel.o(.text)
    calcRoll                                 0x08000887   Thumb Code   242  thread_accel.o(.text)
    calcPitch                                0x08000979   Thumb Code   242  thread_accel.o(.text)
    tapFound                                 0x08000a6b   Thumb Code   256  thread_accel.o(.text)
    BetterCaliXYZ                            0x08000b6b   Thumb Code   582  thread_accel.o(.text)
    Thread_ACCEL                             0x08000db1   Thumb Code   382  thread_accel.o(.text)
    initializeACCEL_IO                       0x08000f2f   Thumb Code   124  thread_accel.o(.text)
    CalibrateXYZ                             0x08000fab   Thumb Code    62  thread_accel.o(.text)
    EXTI0_IRQHandler                         0x08000fe9   Thumb Code    10  thread_accel.o(.text)
    HAL_GPIO_EXTI_Callback                   0x08000ff3   Thumb Code    20  thread_accel.o(.text)
    initializeADCTemp_IO                     0x08001091   Thumb Code   110  thread_adctemp.o(.text)
    ConvertTemp                              0x080010ff   Thumb Code   102  thread_adctemp.o(.text)
    start_Thread_ADCTemp                     0x08001165   Thumb Code    30  thread_adctemp.o(.text)
    Thread_ADCTemp                           0x08001183   Thumb Code   182  thread_adctemp.o(.text)
    initializeSPI_IO                         0x08001289   Thumb Code   422  thread_spi.o(.text)
    SPI3_ReceiveData                         0x0800142f   Thumb Code    10  thread_spi.o(.text)
    SPI3_SendData                            0x08001439   Thumb Code     8  thread_spi.o(.text)
    SPI3_Slave                               0x08001441   Thumb Code   158  thread_spi.o(.text)
    start_Thread_SPI                         0x080014df   Thumb Code    30  thread_spi.o(.text)
    Thread_SPI                               0x080014fd   Thumb Code   642  thread_spi.o(.text)
    fputc                                    0x080017a1   Thumb Code    52  fput_debug.o(.text)
    SPI_ReceiveData                          0x080017d9   Thumb Code    10  lis3dsh.o(.text)
    LIS3DSH_TIMEOUT_UserCallback             0x080017e3   Thumb Code     4  lis3dsh.o(.text)
    SPI_SendData                             0x080017e7   Thumb Code     6  lis3dsh.o(.text)
    LIS3DSH_Write                            0x08001859   Thumb Code    62  lis3dsh.o(.text)
    LIS3DSH_Init                             0x08001897   Thumb Code   170  lis3dsh.o(.text)
    LIS3DSH_Read                             0x08001941   Thumb Code    70  lis3dsh.o(.text)
    LIS3DSH_DataReadyInterruptConfig         0x08001987   Thumb Code    42  lis3dsh.o(.text)
    LIS3DSH_LowpowerCmd                      0x080019b1   Thumb Code    40  lis3dsh.o(.text)
    LIS3DSH_DataRateCmd                      0x080019d9   Thumb Code    44  lis3dsh.o(.text)
    LIS3DSH_FullScaleCmd                     0x08001a05   Thumb Code    44  lis3dsh.o(.text)
    LIS3DSH_ReadACC                          0x08001a31   Thumb Code   628  lis3dsh.o(.text)
    HAL_SPI_MspInit                          0x08001ca5   Thumb Code   218  lis3dsh.o(.text)
    os_idle_demon                            0x08001d99   Thumb Code     4  rtx_conf_cm.o(.text)
    os_error                                 0x08001d9d   Thumb Code    34  rtx_conf_cm.o(.text)
    HAL_MspInit                              0x08001dc1   Thumb Code    10  stm32f4xx_hal.o(.text)
    HAL_InitTick                             0x08001dcb   Thumb Code    36  stm32f4xx_hal.o(.text)
    HAL_Init                                 0x08001def   Thumb Code    54  stm32f4xx_hal.o(.text)
    HAL_MspDeInit                            0x08001e25   Thumb Code    10  stm32f4xx_hal.o(.text)
    HAL_DeInit                               0x08001e2f   Thumb Code    64  stm32f4xx_hal.o(.text)
    HAL_IncTick                              0x08001e6f   Thumb Code    12  stm32f4xx_hal.o(.text)
    HAL_Delay                                0x08001e81   Thumb Code    26  stm32f4xx_hal.o(.text)
    HAL_SuspendTick                          0x08001e9b   Thumb Code    18  stm32f4xx_hal.o(.text)
    HAL_ResumeTick                           0x08001ead   Thumb Code    18  stm32f4xx_hal.o(.text)
    HAL_GetHalVersion                        0x08001ebf   Thumb Code     4  stm32f4xx_hal.o(.text)
    HAL_GetREVID                             0x08001ec3   Thumb Code     8  stm32f4xx_hal.o(.text)
    HAL_GetDEVID                             0x08001ecb   Thumb Code    10  stm32f4xx_hal.o(.text)
    HAL_DBGMCU_EnableDBGSleepMode            0x08001ed5   Thumb Code    14  stm32f4xx_hal.o(.text)
    HAL_DBGMCU_DisableDBGSleepMode           0x08001ee3   Thumb Code    14  stm32f4xx_hal.o(.text)
    HAL_DBGMCU_EnableDBGStopMode             0x08001ef1   Thumb Code    14  stm32f4xx_hal.o(.text)
    HAL_DBGMCU_DisableDBGStopMode            0x08001eff   Thumb Code    14  stm32f4xx_hal.o(.text)
    HAL_DBGMCU_EnableDBGStandbyMode          0x08001f0d   Thumb Code    14  stm32f4xx_hal.o(.text)
    HAL_DBGMCU_DisableDBGStandbyMode         0x08001f1b   Thumb Code    14  stm32f4xx_hal.o(.text)
    HAL_EnableCompensationCell               0x08001f29   Thumb Code    22  stm32f4xx_hal.o(.text)
    HAL_DisableCompensationCell              0x08001f3f   Thumb Code    24  stm32f4xx_hal.o(.text)
    HAL_ADC_MspInit                          0x080020db   Thumb Code     2  stm32f4xx_hal_adc.o(.text)
    HAL_ADC_Init                             0x080020dd   Thumb Code    74  stm32f4xx_hal_adc.o(.text)
    HAL_ADC_MspDeInit                        0x08002127   Thumb Code     2  stm32f4xx_hal_adc.o(.text)
    HAL_ADC_DeInit                           0x08002129   Thumb Code    34  stm32f4xx_hal_adc.o(.text)
    HAL_ADC_Start                            0x0800214b   Thumb Code   182  stm32f4xx_hal_adc.o(.text)
    HAL_ADC_Stop                             0x08002201   Thumb Code    24  stm32f4xx_hal_adc.o(.text)
    HAL_ADC_PollForConversion                0x08002219   Thumb Code   130  stm32f4xx_hal_adc.o(.text)
    HAL_ADC_PollForEvent                     0x0800229b   Thumb Code   104  stm32f4xx_hal_adc.o(.text)
    HAL_ADC_Start_IT                         0x08002303   Thumb Code   232  stm32f4xx_hal_adc.o(.text)
    HAL_ADC_Stop_IT                          0x080023eb   Thumb Code    48  stm32f4xx_hal_adc.o(.text)
    HAL_ADC_ErrorCallback                    0x0800241b   Thumb Code     2  stm32f4xx_hal_adc.o(.text)
    HAL_ADC_LevelOutOfWindowCallback         0x0800241d   Thumb Code     2  stm32f4xx_hal_adc.o(.text)
    HAL_ADC_ConvCpltCallback                 0x0800241f   Thumb Code     2  stm32f4xx_hal_adc.o(.text)
    HAL_ADC_IRQHandler                       0x08002421   Thumb Code   348  stm32f4xx_hal_adc.o(.text)
    HAL_ADC_ConvHalfCpltCallback             0x08002599   Thumb Code     2  stm32f4xx_hal_adc.o(.text)
    HAL_ADC_Start_DMA                        0x080025cd   Thumb Code   186  stm32f4xx_hal_adc.o(.text)
    HAL_ADC_Stop_DMA                         0x08002687   Thumb Code    56  stm32f4xx_hal_adc.o(.text)
    HAL_ADC_GetValue                         0x080026bf   Thumb Code     8  stm32f4xx_hal_adc.o(.text)
    HAL_ADC_ConfigChannel                    0x080026c7   Thumb Code   416  stm32f4xx_hal_adc.o(.text)
    HAL_ADC_AnalogWDGConfig                  0x08002867   Thumb Code   132  stm32f4xx_hal_adc.o(.text)
    HAL_ADC_GetState                         0x080028eb   Thumb Code     8  stm32f4xx_hal_adc.o(.text)
    HAL_ADC_GetError                         0x080028f3   Thumb Code     6  stm32f4xx_hal_adc.o(.text)
    HAL_ADCEx_InjectedStart                  0x0800290d   Thumb Code   230  stm32f4xx_hal_adc_ex.o(.text)
    HAL_ADCEx_InjectedStart_IT               0x080029f3   Thumb Code   258  stm32f4xx_hal_adc_ex.o(.text)
    HAL_ADCEx_InjectedStop                   0x08002af5   Thumb Code    24  stm32f4xx_hal_adc_ex.o(.text)
    HAL_ADCEx_InjectedPollForConversion      0x08002b0d   Thumb Code    90  stm32f4xx_hal_adc_ex.o(.text)
    HAL_ADCEx_InjectedStop_IT                0x08002b67   Thumb Code    48  stm32f4xx_hal_adc_ex.o(.text)
    HAL_ADCEx_InjectedGetValue               0x08002b97   Thumb Code    70  stm32f4xx_hal_adc_ex.o(.text)
    HAL_ADCEx_MultiModeStart_DMA             0x08002c2b   Thumb Code   206  stm32f4xx_hal_adc_ex.o(.text)
    HAL_ADCEx_MultiModeStop_DMA              0x08002cf9   Thumb Code   116  stm32f4xx_hal_adc_ex.o(.text)
    HAL_ADCEx_MultiModeGetValue              0x08002d6d   Thumb Code     8  stm32f4xx_hal_adc_ex.o(.text)
    HAL_ADCEx_InjectedConvCpltCallback       0x08002d75   Thumb Code     2  stm32f4xx_hal_adc_ex.o(.text)
    HAL_ADCEx_InjectedConfigChannel          0x08002d77   Thumb Code   552  stm32f4xx_hal_adc_ex.o(.text)
    HAL_ADCEx_MultiModeConfigChannel         0x08002f9f   Thumb Code   130  stm32f4xx_hal_adc_ex.o(.text)
    HAL_NVIC_SetPriorityGrouping             0x0800304d   Thumb Code    36  stm32f4xx_hal_cortex.o(.text)
    HAL_NVIC_SetPriority                     0x08003071   Thumb Code   124  stm32f4xx_hal_cortex.o(.text)
    HAL_NVIC_EnableIRQ                       0x080030ed   Thumb Code    26  stm32f4xx_hal_cortex.o(.text)
    HAL_NVIC_DisableIRQ                      0x08003107   Thumb Code    22  stm32f4xx_hal_cortex.o(.text)
    HAL_NVIC_SystemReset                     0x0800311d   Thumb Code    64  stm32f4xx_hal_cortex.o(.text)
    HAL_SYSTICK_Config                       0x0800315d   Thumb Code    52  stm32f4xx_hal_cortex.o(.text)
    HAL_MPU_ConfigRegion                     0x08003191   Thumb Code    90  stm32f4xx_hal_cortex.o(.text)
    HAL_NVIC_GetPriorityGrouping             0x080031eb   Thumb Code     8  stm32f4xx_hal_cortex.o(.text)
    HAL_NVIC_GetPriority                     0x080031f3   Thumb Code   138  stm32f4xx_hal_cortex.o(.text)
    HAL_NVIC_SetPendingIRQ                   0x0800327d   Thumb Code    24  stm32f4xx_hal_cortex.o(.text)
    HAL_NVIC_GetPendingIRQ                   0x08003295   Thumb Code    38  stm32f4xx_hal_cortex.o(.text)
    HAL_NVIC_ClearPendingIRQ                 0x080032bb   Thumb Code    22  stm32f4xx_hal_cortex.o(.text)
    HAL_NVIC_GetActive                       0x080032d1   Thumb Code    38  stm32f4xx_hal_cortex.o(.text)
    HAL_SYSTICK_CLKSourceConfig              0x080032f7   Thumb Code    40  stm32f4xx_hal_cortex.o(.text)
    HAL_SYSTICK_Callback                     0x0800331f   Thumb Code    10  stm32f4xx_hal_cortex.o(.text)
    HAL_SYSTICK_IRQHandler                   0x08003329   Thumb Code     8  stm32f4xx_hal_cortex.o(.text)
    HAL_DMA_Init                             0x0800337f   Thumb Code   128  stm32f4xx_hal_dma.o(.text)
    HAL_DMA_DeInit                           0x080033ff   Thumb Code   100  stm32f4xx_hal_dma.o(.text)
    HAL_DMA_Start                            0x0800348f   Thumb Code    82  stm32f4xx_hal_dma.o(.text)
    HAL_DMA_Start_IT                         0x080034e1   Thumb Code   106  stm32f4xx_hal_dma.o(.text)
    HAL_DMA_Abort                            0x0800354b   Thumb Code    94  stm32f4xx_hal_dma.o(.text)
    HAL_DMA_PollForTransfer                  0x080035a9   Thumb Code   412  stm32f4xx_hal_dma.o(.text)
    HAL_DMA_IRQHandler                       0x08003745   Thumb Code   530  stm32f4xx_hal_dma.o(.text)
    HAL_DMA_GetState                         0x08003957   Thumb Code     8  stm32f4xx_hal_dma.o(.text)
    HAL_DMA_GetError                         0x0800395f   Thumb Code     6  stm32f4xx_hal_dma.o(.text)
    HAL_GPIO_Init                            0x08003969   Thumb Code   476  stm32f4xx_hal_gpio.o(.text)
    HAL_GPIO_DeInit                          0x08003b45   Thumb Code   326  stm32f4xx_hal_gpio.o(.text)
    HAL_GPIO_ReadPin                         0x08003c8b   Thumb Code    16  stm32f4xx_hal_gpio.o(.text)
    HAL_GPIO_WritePin                        0x08003c9b   Thumb Code    12  stm32f4xx_hal_gpio.o(.text)
    HAL_GPIO_TogglePin                       0x08003ca7   Thumb Code     8  stm32f4xx_hal_gpio.o(.text)
    HAL_GPIO_LockPin                         0x08003caf   Thumb Code    46  stm32f4xx_hal_gpio.o(.text)
    HAL_GPIO_EXTI_IRQHandler                 0x08003ce7   Thumb Code    28  stm32f4xx_hal_gpio.o(.text)
    HAL_RCC_OscConfig                        0x08003d37   Thumb Code  1032  stm32f4xx_hal_rcc.o(.text)
    HAL_RCC_ClockConfig                      0x0800413f   Thumb Code   680  stm32f4xx_hal_rcc.o(.text)
    HAL_RCC_MCOConfig                        0x080043e7   Thumb Code   178  stm32f4xx_hal_rcc.o(.text)
    HAL_RCC_EnableCSS                        0x08004499   Thumb Code     8  stm32f4xx_hal_rcc.o(.text)
    HAL_RCC_DisableCSS                       0x080044a1   Thumb Code     8  stm32f4xx_hal_rcc.o(.text)
    HAL_RCC_GetSysClockFreq                  0x080044a9   Thumb Code   198  stm32f4xx_hal_rcc.o(.text)
    HAL_RCC_GetHCLKFreq                      0x0800456f   Thumb Code    42  stm32f4xx_hal_rcc.o(.text)
    HAL_RCC_GetPCLK1Freq                     0x08004599   Thumb Code    36  stm32f4xx_hal_rcc.o(.text)
    HAL_RCC_GetPCLK2Freq                     0x080045bd   Thumb Code    36  stm32f4xx_hal_rcc.o(.text)
    HAL_RCC_GetOscConfig                     0x080045e1   Thumb Code   296  stm32f4xx_hal_rcc.o(.text)
    HAL_RCC_GetClockConfig                   0x08004709   Thumb Code    58  stm32f4xx_hal_rcc.o(.text)
    HAL_RCC_CSSCallback                      0x08004743   Thumb Code    10  stm32f4xx_hal_rcc.o(.text)
    HAL_RCC_NMI_IRQHandler                   0x0800474d   Thumb Code    30  stm32f4xx_hal_rcc.o(.text)
    HAL_SPI_Init                             0x08004783   Thumb Code   136  stm32f4xx_hal_spi.o(.text)
    HAL_SPI_MspDeInit                        0x0800480b   Thumb Code     2  stm32f4xx_hal_spi.o(.text)
    HAL_SPI_DeInit                           0x0800480d   Thumb Code    48  stm32f4xx_hal_spi.o(.text)
    HAL_SPI_Transmit                         0x08004951   Thumb Code   450  stm32f4xx_hal_spi.o(.text)
    HAL_SPI_TransmitReceive                  0x08004b13   Thumb Code   850  stm32f4xx_hal_spi.o(.text)
    HAL_SPI_Receive                          0x08004e65   Thumb Code   572  stm32f4xx_hal_spi.o(.text)
    HAL_SPI_ErrorCallback                    0x080050a1   Thumb Code     2  stm32f4xx_hal_spi.o(.text)
    HAL_SPI_TxCpltCallback                   0x080050a3   Thumb Code     2  stm32f4xx_hal_spi.o(.text)
    HAL_SPI_TxRxCpltCallback                 0x080050a5   Thumb Code     2  stm32f4xx_hal_spi.o(.text)
    HAL_SPI_Transmit_IT                      0x08005195   Thumb Code   198  stm32f4xx_hal_spi.o(.text)
    HAL_SPI_RxCpltCallback                   0x0800525b   Thumb Code     2  stm32f4xx_hal_spi.o(.text)
    HAL_SPI_TransmitReceive_IT               0x08005383   Thumb Code   192  stm32f4xx_hal_spi.o(.text)
    HAL_SPI_Receive_IT                       0x08005495   Thumb Code   222  stm32f4xx_hal_spi.o(.text)
    HAL_SPI_TxHalfCpltCallback               0x08005623   Thumb Code     2  stm32f4xx_hal_spi.o(.text)
    HAL_SPI_Transmit_DMA                     0x08005633   Thumb Code   218  stm32f4xx_hal_spi.o(.text)
    HAL_SPI_RxHalfCpltCallback               0x08005885   Thumb Code     2  stm32f4xx_hal_spi.o(.text)
    HAL_SPI_TxRxHalfCpltCallback             0x080058cd   Thumb Code     2  stm32f4xx_hal_spi.o(.text)
    HAL_SPI_TransmitReceive_DMA              0x080058dd   Thumb Code   324  stm32f4xx_hal_spi.o(.text)
    HAL_SPI_Receive_DMA                      0x08005a21   Thumb Code   288  stm32f4xx_hal_spi.o(.text)
    HAL_SPI_DMAPause                         0x08005b41   Thumb Code    62  stm32f4xx_hal_spi.o(.text)
    HAL_SPI_DMAResume                        0x08005b7f   Thumb Code    62  stm32f4xx_hal_spi.o(.text)
    HAL_SPI_DMAStop                          0x08005bbd   Thumb Code    58  stm32f4xx_hal_spi.o(.text)
    HAL_SPI_IRQHandler                       0x08005bf7   Thumb Code   262  stm32f4xx_hal_spi.o(.text)
    HAL_SPI_GetState                         0x08005cfd   Thumb Code     8  stm32f4xx_hal_spi.o(.text)
    HAL_SPI_GetError                         0x08005d05   Thumb Code     6  stm32f4xx_hal_spi.o(.text)
    TIM_Base_SetConfig                       0x08005d19   Thumb Code   184  stm32f4xx_hal_tim.o(.text)
    HAL_TIM_Base_MspInit                     0x08005dd1   Thumb Code     2  stm32f4xx_hal_tim.o(.text)
    HAL_TIM_Base_Init                        0x08005dd3   Thumb Code    52  stm32f4xx_hal_tim.o(.text)
    HAL_TIM_Base_MspDeInit                   0x08005e07   Thumb Code     2  stm32f4xx_hal_tim.o(.text)
    HAL_TIM_Base_DeInit                      0x08005e09   Thumb Code    70  stm32f4xx_hal_tim.o(.text)
    HAL_TIM_Base_Start                       0x08005e4f   Thumb Code    30  stm32f4xx_hal_tim.o(.text)
    HAL_TIM_Base_Stop                        0x08005e6d   Thumb Code    56  stm32f4xx_hal_tim.o(.text)
    HAL_TIM_Base_Start_IT                    0x08005ea5   Thumb Code    30  stm32f4xx_hal_tim.o(.text)
    HAL_TIM_Base_Stop_IT                     0x08005ec3   Thumb Code    56  stm32f4xx_hal_tim.o(.text)
    HAL_TIM_ErrorCallback                    0x08005efb   Thumb Code     2  stm32f4xx_hal_tim.o(.text)
    TIM_DMAError                             0x08005efd   Thumb Code    20  stm32f4xx_hal_tim.o(.text)
    HAL_TIM_Base_Start_DMA                   0x08005f27   Thumb Code    98  stm32f4xx_hal_tim.o(.text)
    HAL_TIM_Base_Stop_DMA                    0x08005f89   Thumb Code    62  stm32f4xx_hal_tim.o(.text)
    HAL_TIM_OC_MspInit                       0x08005fc7   Thumb Code     2  stm32f4xx_hal_tim.o(.text)
    HAL_TIM_OC_Init                          0x08005fc9   Thumb Code    52  stm32f4xx_hal_tim.o(.text)
    HAL_TIM_OC_MspDeInit                     0x08005ffd   Thumb Code     2  stm32f4xx_hal_tim.o(.text)
    HAL_TIM_OC_DeInit                        0x08005fff   Thumb Code    70  stm32f4xx_hal_tim.o(.text)
    TIM_CCxChannelCmd                        0x08006045   Thumb Code    28  stm32f4xx_hal_tim.o(.text)
    HAL_TIM_OC_Start                         0x08006061   Thumb Code    68  stm32f4xx_hal_tim.o(.text)
    HAL_TIM_OC_Stop                          0x080060a5   Thumb Code   170  stm32f4xx_hal_tim.o(.text)
    HAL_TIM_OC_Start_IT                      0x0800614f   Thumb Code   144  stm32f4xx_hal_tim.o(.text)
    HAL_TIM_OC_Stop_IT                       0x080061df   Thumb Code   196  stm32f4xx_hal_tim.o(.text)
    HAL_TIM_PWM_PulseFinishedCallback        0x080062a3   Thumb Code     2  stm32f4xx_hal_tim.o(.text)
    TIM_DMADelayPulseCplt                    0x080062a5   Thumb Code    70  stm32f4xx_hal_tim.o(.text)
    HAL_TIM_OC_Start_DMA                     0x080062eb   Thumb Code   312  stm32f4xx_hal_tim.o(.text)
    HAL_TIM_OC_Stop_DMA                      0x08006423   Thumb Code   202  stm32f4xx_hal_tim.o(.text)
    HAL_TIM_PWM_MspInit                      0x080064ed   Thumb Code     2  stm32f4xx_hal_tim.o(.text)
    HAL_TIM_PWM_Init                         0x080064ef   Thumb Code    52  stm32f4xx_hal_tim.o(.text)
    HAL_TIM_PWM_MspDeInit                    0x08006523   Thumb Code     2  stm32f4xx_hal_tim.o(.text)
    HAL_TIM_PWM_DeInit                       0x08006525   Thumb Code    70  stm32f4xx_hal_tim.o(.text)
    HAL_TIM_PWM_Start                        0x0800656b   Thumb Code    78  stm32f4xx_hal_tim.o(.text)
    HAL_TIM_PWM_Stop                         0x080065b9   Thumb Code   126  stm32f4xx_hal_tim.o(.text)
    HAL_TIM_PWM_Start_IT                     0x08006637   Thumb Code   144  stm32f4xx_hal_tim.o(.text)
    HAL_TIM_PWM_Stop_IT                      0x080066c7   Thumb Code   196  stm32f4xx_hal_tim.o(.text)
    HAL_TIM_PWM_Start_DMA                    0x0800678b   Thumb Code   312  stm32f4xx_hal_tim.o(.text)
    HAL_TIM_PWM_Stop_DMA                     0x080068c3   Thumb Code   202  stm32f4xx_hal_tim.o(.text)
    HAL_TIM_IC_MspInit                       0x0800698d   Thumb Code     2  stm32f4xx_hal_tim.o(.text)
    HAL_TIM_IC_Init                          0x0800698f   Thumb Code    62  stm32f4xx_hal_tim.o(.text)
    HAL_TIM_IC_MspDeInit                     0x080069cd   Thumb Code     2  stm32f4xx_hal_tim.o(.text)
    HAL_TIM_IC_DeInit                        0x080069cf   Thumb Code    70  stm32f4xx_hal_tim.o(.text)
    HAL_TIM_IC_Start                         0x08006a15   Thumb Code    32  stm32f4xx_hal_tim.o(.text)
    HAL_TIM_IC_Stop                          0x08006a35   Thumb Code    58  stm32f4xx_hal_tim.o(.text)
    HAL_TIM_IC_Start_IT                      0x08006a6f   Thumb Code   108  stm32f4xx_hal_tim.o(.text)
    HAL_TIM_IC_Stop_IT                       0x08006adb   Thumb Code   134  stm32f4xx_hal_tim.o(.text)
    HAL_TIM_IC_CaptureCallback               0x08006b61   Thumb Code     2  stm32f4xx_hal_tim.o(.text)
    TIM_DMACaptureCplt                       0x08006b63   Thumb Code    70  stm32f4xx_hal_tim.o(.text)
    HAL_TIM_IC_Start_DMA                     0x08006ba9   Thumb Code   276  stm32f4xx_hal_tim.o(.text)
    HAL_TIM_IC_Stop_DMA                      0x08006cbd   Thumb Code   140  stm32f4xx_hal_tim.o(.text)
    HAL_TIM_OnePulse_MspInit                 0x08006d49   Thumb Code     2  stm32f4xx_hal_tim.o(.text)
    HAL_TIM_OnePulse_Init                    0x08006d4b   Thumb Code    76  stm32f4xx_hal_tim.o(.text)
    HAL_TIM_OnePulse_MspDeInit               0x08006d97   Thumb Code     2  stm32f4xx_hal_tim.o(.text)
    HAL_TIM_OnePulse_DeInit                  0x08006d99   Thumb Code    70  stm32f4xx_hal_tim.o(.text)
    HAL_TIM_OnePulse_Start                   0x08006ddf   Thumb Code    66  stm32f4xx_hal_tim.o(.text)
    HAL_TIM_OnePulse_Stop                    0x08006e21   Thumb Code   130  stm32f4xx_hal_tim.o(.text)
    HAL_TIM_OnePulse_Start_IT                0x08006ea3   Thumb Code    90  stm32f4xx_hal_tim.o(.text)
    HAL_TIM_OnePulse_Stop_IT                 0x08006efd   Thumb Code   154  stm32f4xx_hal_tim.o(.text)
    HAL_TIM_Encoder_MspInit                  0x08006f97   Thumb Code     2  stm32f4xx_hal_tim.o(.text)
    HAL_TIM_Encoder_Init                     0x08006f99   Thumb Code   180  stm32f4xx_hal_tim.o(.text)
    HAL_TIM_Encoder_MspDeInit                0x0800704d   Thumb Code     2  stm32f4xx_hal_tim.o(.text)
    HAL_TIM_Encoder_DeInit                   0x0800704f   Thumb Code    70  stm32f4xx_hal_tim.o(.text)
    HAL_TIM_Encoder_Start                    0x08007095   Thumb Code    78  stm32f4xx_hal_tim.o(.text)
    HAL_TIM_Encoder_Stop                     0x080070e3   Thumb Code   104  stm32f4xx_hal_tim.o(.text)
    HAL_TIM_Encoder_Start_IT                 0x0800714b   Thumb Code   126  stm32f4xx_hal_tim.o(.text)
    HAL_TIM_Encoder_Stop_IT                  0x080071c9   Thumb Code   160  stm32f4xx_hal_tim.o(.text)
    HAL_TIM_Encoder_Start_DMA                0x08007269   Thumb Code   328  stm32f4xx_hal_tim.o(.text)
    HAL_TIM_Encoder_Stop_DMA                 0x080073b1   Thumb Code   152  stm32f4xx_hal_tim.o(.text)
    HAL_TIM_TriggerCallback                  0x08007449   Thumb Code     2  stm32f4xx_hal_tim.o(.text)
    HAL_TIM_OC_DelayElapsedCallback          0x0800744b   Thumb Code     2  stm32f4xx_hal_tim.o(.text)
    HAL_TIM_IRQHandler                       0x0800744d   Thumb Code   406  stm32f4xx_hal_tim.o(.text)
    TIM_OC2_SetConfig                        0x080076b5   Thumb Code   112  stm32f4xx_hal_tim.o(.text)
    HAL_TIM_OC_ConfigChannel                 0x0800778b   Thumb Code   116  stm32f4xx_hal_tim.o(.text)
    TIM_TI1_SetConfig                        0x080078b9   Thumb Code   122  stm32f4xx_hal_tim.o(.text)
    HAL_TIM_IC_ConfigChannel                 0x08007933   Thumb Code   224  stm32f4xx_hal_tim.o(.text)
    HAL_TIM_PWM_ConfigChannel                0x08007a13   Thumb Code   294  stm32f4xx_hal_tim.o(.text)
    HAL_TIM_OnePulse_ConfigChannel           0x08007b39   Thumb Code   286  stm32f4xx_hal_tim.o(.text)
    HAL_TIM_DMABurst_WriteStart              0x08007c6b   Thumb Code   366  stm32f4xx_hal_tim.o(.text)
    HAL_TIM_DMABurst_WriteStop               0x08007dd9   Thumb Code   128  stm32f4xx_hal_tim.o(.text)
    HAL_TIM_DMABurst_ReadStart               0x08007e59   Thumb Code   366  stm32f4xx_hal_tim.o(.text)
    HAL_TIM_DMABurst_ReadStop                0x08007fc7   Thumb Code   128  stm32f4xx_hal_tim.o(.text)
    HAL_TIM_GenerateEvent                    0x08008047   Thumb Code    54  stm32f4xx_hal_tim.o(.text)
    HAL_TIM_ConfigOCrefClear                 0x08008095   Thumb Code   252  stm32f4xx_hal_tim.o(.text)
    HAL_TIM_ConfigClockSource                0x080081fb   Thumb Code   306  stm32f4xx_hal_tim.o(.text)
    HAL_TIM_ConfigTI1Input                   0x0800832d   Thumb Code    24  stm32f4xx_hal_tim.o(.text)
    HAL_TIM_SlaveConfigSynchronization       0x080083e9   Thumb Code    86  stm32f4xx_hal_tim.o(.text)
    HAL_TIM_SlaveConfigSynchronization_IT    0x0800843f   Thumb Code    86  stm32f4xx_hal_tim.o(.text)
    HAL_TIM_ReadCapturedValue                0x08008495   Thumb Code    84  stm32f4xx_hal_tim.o(.text)
    HAL_TIM_Base_GetState                    0x080084e9   Thumb Code     8  stm32f4xx_hal_tim.o(.text)
    HAL_TIM_OC_GetState                      0x080084f1   Thumb Code     8  stm32f4xx_hal_tim.o(.text)
    HAL_TIM_PWM_GetState                     0x080084f9   Thumb Code     8  stm32f4xx_hal_tim.o(.text)
    HAL_TIM_IC_GetState                      0x08008501   Thumb Code     8  stm32f4xx_hal_tim.o(.text)
    HAL_TIM_OnePulse_GetState                0x08008509   Thumb Code     8  stm32f4xx_hal_tim.o(.text)
    HAL_TIM_Encoder_GetState                 0x08008511   Thumb Code     8  stm32f4xx_hal_tim.o(.text)
    HAL_TIMEx_HallSensor_MspInit             0x08008519   Thumb Code     2  stm32f4xx_hal_tim_ex.o(.text)
    HAL_TIMEx_HallSensor_Init                0x0800851b   Thumb Code   196  stm32f4xx_hal_tim_ex.o(.text)
    HAL_TIMEx_HallSensor_MspDeInit           0x080085df   Thumb Code     2  stm32f4xx_hal_tim_ex.o(.text)
    HAL_TIMEx_HallSensor_DeInit              0x080085e1   Thumb Code    70  stm32f4xx_hal_tim_ex.o(.text)
    HAL_TIMEx_HallSensor_Start               0x08008627   Thumb Code    30  stm32f4xx_hal_tim_ex.o(.text)
    HAL_TIMEx_HallSensor_Stop                0x08008645   Thumb Code    56  stm32f4xx_hal_tim_ex.o(.text)
    HAL_TIMEx_HallSensor_Start_IT            0x0800867d   Thumb Code    42  stm32f4xx_hal_tim_ex.o(.text)
    HAL_TIMEx_HallSensor_Stop_IT             0x080086a7   Thumb Code    68  stm32f4xx_hal_tim_ex.o(.text)
    HAL_TIMEx_HallSensor_Start_DMA           0x080086eb   Thumb Code   106  stm32f4xx_hal_tim_ex.o(.text)
    HAL_TIMEx_HallSensor_Stop_DMA            0x08008755   Thumb Code    68  stm32f4xx_hal_tim_ex.o(.text)
    HAL_TIMEx_OCN_Start                      0x080087b5   Thumb Code    44  stm32f4xx_hal_tim_ex.o(.text)
    HAL_TIMEx_OCN_Stop                       0x080087e1   Thumb Code    96  stm32f4xx_hal_tim_ex.o(.text)
    HAL_TIMEx_OCN_Start_IT                   0x08008841   Thumb Code   132  stm32f4xx_hal_tim_ex.o(.text)
    HAL_TIMEx_OCN_Stop_IT                    0x080088c5   Thumb Code   196  stm32f4xx_hal_tim_ex.o(.text)
    HAL_TIMEx_OCN_Start_DMA                  0x08008989   Thumb Code   272  stm32f4xx_hal_tim_ex.o(.text)
    HAL_TIMEx_OCN_Stop_DMA                   0x08008a99   Thumb Code   192  stm32f4xx_hal_tim_ex.o(.text)
    HAL_TIMEx_PWMN_Start                     0x08008b59   Thumb Code    44  stm32f4xx_hal_tim_ex.o(.text)
    HAL_TIMEx_PWMN_Stop                      0x08008b85   Thumb Code    96  stm32f4xx_hal_tim_ex.o(.text)
    HAL_TIMEx_PWMN_Start_IT                  0x08008be5   Thumb Code   132  stm32f4xx_hal_tim_ex.o(.text)
    HAL_TIMEx_PWMN_Stop_IT                   0x08008c69   Thumb Code   196  stm32f4xx_hal_tim_ex.o(.text)
    HAL_TIMEx_PWMN_Start_DMA                 0x08008d2d   Thumb Code   272  stm32f4xx_hal_tim_ex.o(.text)
    HAL_TIMEx_PWMN_Stop_DMA                  0x08008e3d   Thumb Code   178  stm32f4xx_hal_tim_ex.o(.text)
    HAL_TIMEx_OnePulseN_Start                0x08008eef   Thumb Code    32  stm32f4xx_hal_tim_ex.o(.text)
    HAL_TIMEx_OnePulseN_Stop                 0x08008f0f   Thumb Code    96  stm32f4xx_hal_tim_ex.o(.text)
    HAL_TIMEx_OnePulseN_Start_IT             0x08008f6f   Thumb Code    56  stm32f4xx_hal_tim_ex.o(.text)
    HAL_TIMEx_OnePulseN_Stop_IT              0x08008fa7   Thumb Code   120  stm32f4xx_hal_tim_ex.o(.text)
    HAL_TIMEx_ConfigCommutationEvent         0x0800901f   Thumb Code   110  stm32f4xx_hal_tim_ex.o(.text)
    HAL_TIMEx_ConfigCommutationEvent_IT      0x0800908d   Thumb Code   122  stm32f4xx_hal_tim_ex.o(.text)
    HAL_TIMEx_CommutationCallback            0x08009107   Thumb Code     2  stm32f4xx_hal_tim_ex.o(.text)
    TIMEx_DMACommutationCplt                 0x08009109   Thumb Code    20  stm32f4xx_hal_tim_ex.o(.text)
    HAL_TIMEx_ConfigCommutationEvent_DMA     0x0800911d   Thumb Code   146  stm32f4xx_hal_tim_ex.o(.text)
    HAL_TIMEx_MasterConfigSynchronization    0x080091af   Thumb Code    98  stm32f4xx_hal_tim_ex.o(.text)
    HAL_TIMEx_ConfigBreakDeadTime            0x08009211   Thumb Code    80  stm32f4xx_hal_tim_ex.o(.text)
    HAL_TIMEx_RemapConfig                    0x08009261   Thumb Code    48  stm32f4xx_hal_tim_ex.o(.text)
    HAL_TIMEx_BreakCallback                  0x08009291   Thumb Code     2  stm32f4xx_hal_tim_ex.o(.text)
    HAL_TIMEx_HallSensor_GetState            0x08009293   Thumb Code     8  stm32f4xx_hal_tim_ex.o(.text)
    Reset_Handler                            0x080092a1   Thumb Code     8  startup_stm32f407xx.o(.text)
    NMI_Handler                              0x080092a9   Thumb Code     2  startup_stm32f407xx.o(.text)
    HardFault_Handler                        0x080092ab   Thumb Code     2  startup_stm32f407xx.o(.text)
    MemManage_Handler                        0x080092ad   Thumb Code     2  startup_stm32f407xx.o(.text)
    BusFault_Handler                         0x080092af   Thumb Code     2  startup_stm32f407xx.o(.text)
    UsageFault_Handler                       0x080092b1   Thumb Code     2  startup_stm32f407xx.o(.text)
    DebugMon_Handler                         0x080092b5   Thumb Code     2  startup_stm32f407xx.o(.text)
    ADC_IRQHandler                           0x080092bb   Thumb Code     0  startup_stm32f407xx.o(.text)
    CAN1_RX0_IRQHandler                      0x080092bb   Thumb Code     0  startup_stm32f407xx.o(.text)
    CAN1_RX1_IRQHandler                      0x080092bb   Thumb Code     0  startup_stm32f407xx.o(.text)
    CAN1_SCE_IRQHandler                      0x080092bb   Thumb Code     0  startup_stm32f407xx.o(.text)
    CAN1_TX_IRQHandler                       0x080092bb   Thumb Code     0  startup_stm32f407xx.o(.text)
    CAN2_RX0_IRQHandler                      0x080092bb   Thumb Code     0  startup_stm32f407xx.o(.text)
    CAN2_RX1_IRQHandler                      0x080092bb   Thumb Code     0  startup_stm32f407xx.o(.text)
    CAN2_SCE_IRQHandler                      0x080092bb   Thumb Code     0  startup_stm32f407xx.o(.text)
    CAN2_TX_IRQHandler                       0x080092bb   Thumb Code     0  startup_stm32f407xx.o(.text)
    DCMI_IRQHandler                          0x080092bb   Thumb Code     0  startup_stm32f407xx.o(.text)
    DMA1_Stream0_IRQHandler                  0x080092bb   Thumb Code     0  startup_stm32f407xx.o(.text)
    DMA1_Stream1_IRQHandler                  0x080092bb   Thumb Code     0  startup_stm32f407xx.o(.text)
    DMA1_Stream2_IRQHandler                  0x080092bb   Thumb Code     0  startup_stm32f407xx.o(.text)
    DMA1_Stream3_IRQHandler                  0x080092bb   Thumb Code     0  startup_stm32f407xx.o(.text)
    DMA1_Stream4_IRQHandler                  0x080092bb   Thumb Code     0  startup_stm32f407xx.o(.text)
    DMA1_Stream5_IRQHandler                  0x080092bb   Thumb Code     0  startup_stm32f407xx.o(.text)
    DMA1_Stream6_IRQHandler                  0x080092bb   Thumb Code     0  startup_stm32f407xx.o(.text)
    DMA1_Stream7_IRQHandler                  0x080092bb   Thumb Code     0  startup_stm32f407xx.o(.text)
    DMA2_Stream0_IRQHandler                  0x080092bb   Thumb Code     0  startup_stm32f407xx.o(.text)
    DMA2_Stream1_IRQHandler                  0x080092bb   Thumb Code     0  startup_stm32f407xx.o(.text)
    DMA2_Stream2_IRQHandler                  0x080092bb   Thumb Code     0  startup_stm32f407xx.o(.text)
    DMA2_Stream3_IRQHandler                  0x080092bb   Thumb Code     0  startup_stm32f407xx.o(.text)
    DMA2_Stream4_IRQHandler                  0x080092bb   Thumb Code     0  startup_stm32f407xx.o(.text)
    DMA2_Stream5_IRQHandler                  0x080092bb   Thumb Code     0  startup_stm32f407xx.o(.text)
    DMA2_Stream6_IRQHandler                  0x080092bb   Thumb Code     0  startup_stm32f407xx.o(.text)
    DMA2_Stream7_IRQHandler                  0x080092bb   Thumb Code     0  startup_stm32f407xx.o(.text)
    ETH_IRQHandler                           0x080092bb   Thumb Code     0  startup_stm32f407xx.o(.text)
    ETH_WKUP_IRQHandler                      0x080092bb   Thumb Code     0  startup_stm32f407xx.o(.text)
    EXTI15_10_IRQHandler                     0x080092bb   Thumb Code     0  startup_stm32f407xx.o(.text)
    EXTI1_IRQHandler                         0x080092bb   Thumb Code     0  startup_stm32f407xx.o(.text)
    EXTI2_IRQHandler                         0x080092bb   Thumb Code     0  startup_stm32f407xx.o(.text)
    EXTI3_IRQHandler                         0x080092bb   Thumb Code     0  startup_stm32f407xx.o(.text)
    EXTI4_IRQHandler                         0x080092bb   Thumb Code     0  startup_stm32f407xx.o(.text)
    EXTI9_5_IRQHandler                       0x080092bb   Thumb Code     0  startup_stm32f407xx.o(.text)
    FLASH_IRQHandler                         0x080092bb   Thumb Code     0  startup_stm32f407xx.o(.text)
    FMC_IRQHandler                           0x080092bb   Thumb Code     0  startup_stm32f407xx.o(.text)
    FPU_IRQHandler                           0x080092bb   Thumb Code     0  startup_stm32f407xx.o(.text)
    HASH_RNG_IRQHandler                      0x080092bb   Thumb Code     0  startup_stm32f407xx.o(.text)
    I2C1_ER_IRQHandler                       0x080092bb   Thumb Code     0  startup_stm32f407xx.o(.text)
    I2C1_EV_IRQHandler                       0x080092bb   Thumb Code     0  startup_stm32f407xx.o(.text)
    I2C2_ER_IRQHandler                       0x080092bb   Thumb Code     0  startup_stm32f407xx.o(.text)
    I2C2_EV_IRQHandler                       0x080092bb   Thumb Code     0  startup_stm32f407xx.o(.text)
    I2C3_ER_IRQHandler                       0x080092bb   Thumb Code     0  startup_stm32f407xx.o(.text)
    I2C3_EV_IRQHandler                       0x080092bb   Thumb Code     0  startup_stm32f407xx.o(.text)
    OTG_FS_IRQHandler                        0x080092bb   Thumb Code     0  startup_stm32f407xx.o(.text)
    OTG_FS_WKUP_IRQHandler                   0x080092bb   Thumb Code     0  startup_stm32f407xx.o(.text)
    OTG_HS_EP1_IN_IRQHandler                 0x080092bb   Thumb Code     0  startup_stm32f407xx.o(.text)
    OTG_HS_EP1_OUT_IRQHandler                0x080092bb   Thumb Code     0  startup_stm32f407xx.o(.text)
    OTG_HS_IRQHandler                        0x080092bb   Thumb Code     0  startup_stm32f407xx.o(.text)
    OTG_HS_WKUP_IRQHandler                   0x080092bb   Thumb Code     0  startup_stm32f407xx.o(.text)
    PVD_IRQHandler                           0x080092bb   Thumb Code     0  startup_stm32f407xx.o(.text)
    RCC_IRQHandler                           0x080092bb   Thumb Code     0  startup_stm32f407xx.o(.text)
    RTC_Alarm_IRQHandler                     0x080092bb   Thumb Code     0  startup_stm32f407xx.o(.text)
    RTC_WKUP_IRQHandler                      0x080092bb   Thumb Code     0  startup_stm32f407xx.o(.text)
    SDIO_IRQHandler                          0x080092bb   Thumb Code     0  startup_stm32f407xx.o(.text)
    SPI1_IRQHandler                          0x080092bb   Thumb Code     0  startup_stm32f407xx.o(.text)
    SPI2_IRQHandler                          0x080092bb   Thumb Code     0  startup_stm32f407xx.o(.text)
    SPI3_IRQHandler                          0x080092bb   Thumb Code     0  startup_stm32f407xx.o(.text)
    TAMP_STAMP_IRQHandler                    0x080092bb   Thumb Code     0  startup_stm32f407xx.o(.text)
    TIM1_BRK_TIM9_IRQHandler                 0x080092bb   Thumb Code     0  startup_stm32f407xx.o(.text)
    TIM1_CC_IRQHandler                       0x080092bb   Thumb Code     0  startup_stm32f407xx.o(.text)
    TIM1_TRG_COM_TIM11_IRQHandler            0x080092bb   Thumb Code     0  startup_stm32f407xx.o(.text)
    TIM1_UP_TIM10_IRQHandler                 0x080092bb   Thumb Code     0  startup_stm32f407xx.o(.text)
    TIM2_IRQHandler                          0x080092bb   Thumb Code     0  startup_stm32f407xx.o(.text)
    TIM4_IRQHandler                          0x080092bb   Thumb Code     0  startup_stm32f407xx.o(.text)
    TIM5_IRQHandler                          0x080092bb   Thumb Code     0  startup_stm32f407xx.o(.text)
    TIM6_DAC_IRQHandler                      0x080092bb   Thumb Code     0  startup_stm32f407xx.o(.text)
    TIM7_IRQHandler                          0x080092bb   Thumb Code     0  startup_stm32f407xx.o(.text)
    TIM8_BRK_TIM12_IRQHandler                0x080092bb   Thumb Code     0  startup_stm32f407xx.o(.text)
    TIM8_CC_IRQHandler                       0x080092bb   Thumb Code     0  startup_stm32f407xx.o(.text)
    TIM8_TRG_COM_TIM14_IRQHandler            0x080092bb   Thumb Code     0  startup_stm32f407xx.o(.text)
    TIM8_UP_TIM13_IRQHandler                 0x080092bb   Thumb Code     0  startup_stm32f407xx.o(.text)
    UART4_IRQHandler                         0x080092bb   Thumb Code     0  startup_stm32f407xx.o(.text)
    UART5_IRQHandler                         0x080092bb   Thumb Code     0  startup_stm32f407xx.o(.text)
    USART1_IRQHandler                        0x080092bb   Thumb Code     0  startup_stm32f407xx.o(.text)
    USART2_IRQHandler                        0x080092bb   Thumb Code     0  startup_stm32f407xx.o(.text)
    USART3_IRQHandler                        0x080092bb   Thumb Code     0  startup_stm32f407xx.o(.text)
    USART6_IRQHandler                        0x080092bb   Thumb Code     0  startup_stm32f407xx.o(.text)
    WWDG_IRQHandler                          0x080092bb   Thumb Code     0  startup_stm32f407xx.o(.text)
    SystemInit                               0x080092c5   Thumb Code    82  system_stm32f4xx.o(.text)
    SystemCoreClockUpdate                    0x08009317   Thumb Code   174  system_stm32f4xx.o(.text)
    __aeabi_dadd                             0x080093e5   Thumb Code   322  dadd.o(.text)
    __aeabi_dsub                             0x08009527   Thumb Code     6  dadd.o(.text)
    __aeabi_drsub                            0x0800952d   Thumb Code     6  dadd.o(.text)
    __aeabi_dmul                             0x08009533   Thumb Code   228  dmul.o(.text)
    __aeabi_ddiv                             0x08009617   Thumb Code   222  ddiv.o(.text)
    __aeabi_f2d                              0x080096f5   Thumb Code    38  f2d.o(.text)
    __aeabi_cdrcmple                         0x0800971d   Thumb Code    48  cdrcmple.o(.text)
    __aeabi_d2f                              0x0800974d   Thumb Code    56  d2f.o(.text)
    __aeabi_llsl                             0x08009785   Thumb Code    30  llshl.o(.text)
    _ll_shift_l                              0x08009785   Thumb Code     0  llshl.o(.text)
    __aeabi_llsr                             0x080097a3   Thumb Code    32  llushr.o(.text)
    _ll_ushift_r                             0x080097a3   Thumb Code     0  llushr.o(.text)
    __aeabi_lasr                             0x080097c3   Thumb Code    36  llsshr.o(.text)
    _ll_sshift_r                             0x080097c3   Thumb Code     0  llsshr.o(.text)
    __I$use$fp                               0x080097e7   Thumb Code     0  iusefp.o(.text)
    _float_round                             0x080097e7   Thumb Code    18  fepilogue.o(.text)
    _float_epilogue                          0x080097f9   Thumb Code    92  fepilogue.o(.text)
    _double_round                            0x08009855   Thumb Code    30  depilogue.o(.text)
    _double_epilogue                         0x08009873   Thumb Code   156  depilogue.o(.text)
    __ARM_scalbn                             0x0800990f   Thumb Code    46  dscalb.o(.text)
    scalbn                                   0x0800990f   Thumb Code     0  dscalb.o(.text)
    _dsqrt                                   0x0800993d   Thumb Code   162  dsqrt.o(.text)
    __aeabi_i2d                              0x080099df   Thumb Code    34  dflti.o(.text)
    __scatterload                            0x08009a01   Thumb Code    28  init.o(.text)
    __scatterload_rt2                        0x08009a01   Thumb Code     0  init.o(.text)
    SVC_Count                                0x08009a24   Data           4  svc_table.o(SVC_TABLE)
    SVC_Table                                0x08009a28   Data           0  svc_table.o(SVC_TABLE)
    __0printf$bare                           0x08009a29   Thumb Code     8  printfb.o(i.__0printf$bare)
    __1printf$bare                           0x08009a29   Thumb Code     0  printfb.o(i.__0printf$bare)
    __2printf                                0x08009a29   Thumb Code     0  printfb.o(i.__0printf$bare)
    __ARM_fpclassify                         0x08009a39   Thumb Code    48  fpclassify.o(i.__ARM_fpclassify)
    __hardfp_atan                            0x08009a69   Thumb Code   622  atan.o(i.__hardfp_atan)
    __hardfp_fabs                            0x08009d41   Thumb Code    20  fabs.o(i.__hardfp_fabs)
    __hardfp_pow                             0x08009d59   Thumb Code  3044  pow.o(i.__hardfp_pow)
    __hardfp_sqrt                            0x0800a991   Thumb Code   122  sqrt.o(i.__hardfp_sqrt)
    __kernel_poly                            0x0800aa0b   Thumb Code   248  poly.o(i.__kernel_poly)
    __mathlib_dbl_divzero                    0x0800ab09   Thumb Code    28  dunder.o(i.__mathlib_dbl_divzero)
    __mathlib_dbl_infnan                     0x0800ab39   Thumb Code    20  dunder.o(i.__mathlib_dbl_infnan)
    __mathlib_dbl_infnan2                    0x0800ab4d   Thumb Code    20  dunder.o(i.__mathlib_dbl_infnan2)
    __mathlib_dbl_invalid                    0x0800ab61   Thumb Code    24  dunder.o(i.__mathlib_dbl_invalid)
    __mathlib_dbl_overflow                   0x0800ab81   Thumb Code    24  dunder.o(i.__mathlib_dbl_overflow)
    __mathlib_dbl_underflow                  0x0800aba1   Thumb Code    24  dunder.o(i.__mathlib_dbl_underflow)
    __scatterload_copy                       0x0800abc1   Thumb Code    14  handlers.o(i.__scatterload_copy)
    __scatterload_null                       0x0800abcf   Thumb Code     2  handlers.o(i.__scatterload_null)
    __scatterload_zeroinit                   0x0800abd1   Thumb Code    14  handlers.o(i.__scatterload_zeroinit)
    __set_errno                              0x0800abe1   Thumb Code     6  errno.o(i.__set_errno)
    _init_box                                0x0800abed   Thumb Code    70  rt_membox.o(i._init_box)
    dbg_init                                 0x0800ac55   Thumb Code    34  hal_cm.o(i.dbg_init)
    dbg_task_notify                          0x0800ac85   Thumb Code    32  hal_cm.o(i.dbg_task_notify)
    dbg_task_switch                          0x0800aca5   Thumb Code    16  hal_cm.o(i.dbg_task_switch)
    fabs                                     0x0800acb5   Thumb Code    24  fabs.o(i.fabs)
    isrMessageGet                            0x0800accd   Thumb Code    42  rt_cmsis.o(i.isrMessageGet)
    isrMessagePut                            0x0800acf7   Thumb Code    44  rt_cmsis.o(i.isrMessagePut)
    isrSignalSet                             0x0800ad23   Thumb Code    36  rt_cmsis.o(i.isrSignalSet)
    isr_evt_set                              0x0800ad49   Thumb Code    34  rt_event.o(i.isr_evt_set)
    isr_mbx_receive                          0x0800ad71   Thumb Code    82  rt_mailbox.o(i.isr_mbx_receive)
    isr_mbx_send                             0x0800adc3   Thumb Code    14  rt_mailbox.o(i.isr_mbx_send)
    osDelay                                  0x0800add1   Thumb Code    18  rt_cmsis.o(i.osDelay)
    osKernelInitialize                       0x0800ade9   Thumb Code    30  rt_cmsis.o(i.osKernelInitialize)
    osKernelStart                            0x0800ae0d   Thumb Code    98  rt_cmsis.o(i.osKernelStart)
    osMessageGet                             0x0800ae79   Thumb Code    18  rt_cmsis.o(i.osMessageGet)
    osSignalSet                              0x0800ae91   Thumb Code    18  rt_cmsis.o(i.osSignalSet)
    osSignalWait                             0x0800aea9   Thumb Code    18  rt_cmsis.o(i.osSignalWait)
    osThreadCreate                           0x0800aec1   Thumb Code    38  rt_cmsis.o(i.osThreadCreate)
    osThreadExit                             0x0800aef1   Thumb Code    14  rt_cmsis.o(i.osThreadExit)
    osTimerCall                              0x0800af09   Thumb Code     8  rt_cmsis.o(i.osTimerCall)
    osTimerThread                            0x0800af15   Thumb Code    38  rt_cmsis.o(i.osTimerThread)
    os_tick_init                             0x0800af41   Thumb Code    32  rt_system.o(i.os_tick_init)
    os_tick_irqack                           0x0800af69   Thumb Code     2  rt_system.o(i.os_tick_irqack)
    rt_alloc_box                             0x0800af6b   Thumb Code    26  rt_membox.o(i.rt_alloc_box)
    rt_alloc_mem                             0x0800af85   Thumb Code    62  rt_memory.o(i.rt_alloc_mem)
    rt_block                                 0x0800afc5   Thumb Code    48  rt_task.o(i.rt_block)
    rt_chk_robin                             0x0800affd   Thumb Code    60  rt_robin.o(i.rt_chk_robin)
    rt_dec_dly                               0x0800b045   Thumb Code   102  rt_list.o(i.rt_dec_dly)
    rt_dispatch                              0x0800b0b5   Thumb Code    60  rt_task.o(i.rt_dispatch)
    rt_dly_wait                              0x0800b0f9   Thumb Code     6  rt_time.o(i.rt_dly_wait)
    rt_evt_psh                               0x0800b101   Thumb Code    76  rt_event.o(i.rt_evt_psh)
    rt_evt_set                               0x0800b151   Thumb Code    88  rt_event.o(i.rt_evt_set)
    rt_evt_wait                              0x0800b1ad   Thumb Code    56  rt_event.o(i.rt_evt_wait)
    rt_free_box                              0x0800b1e9   Thumb Code    44  rt_membox.o(i.rt_free_box)
    rt_free_mem                              0x0800b215   Thumb Code    40  rt_memory.o(i.rt_free_mem)
    rt_get_first                             0x0800b23d   Thumb Code    40  rt_list.o(i.rt_get_first)
    rt_init_mem                              0x0800b2b5   Thumb Code    26  rt_memory.o(i.rt_init_mem)
    rt_init_robin                            0x0800b2d1   Thumb Code    14  rt_robin.o(i.rt_init_robin)
    rt_init_stack                            0x0800b2e9   Thumb Code   118  hal_cm.o(i.rt_init_stack)
    rt_mbx_check                             0x0800b369   Thumb Code     8  rt_mailbox.o(i.rt_mbx_check)
    rt_mbx_init                              0x0800b371   Thumb Code    26  rt_mailbox.o(i.rt_mbx_init)
    rt_mbx_psh                               0x0800b38d   Thumb Code   236  rt_mailbox.o(i.rt_mbx_psh)
    rt_mbx_wait                              0x0800b47d   Thumb Code   174  rt_mailbox.o(i.rt_mbx_wait)
    rt_pop_req                               0x0800b575   Thumb Code   112  rt_system.o(i.rt_pop_req)
    rt_psh_req                               0x0800b5f1   Thumb Code    22  rt_system.o(i.rt_psh_req)
    rt_psq_enq                               0x0800b611   Thumb Code    88  rt_list.o(i.rt_psq_enq)
    rt_put_dly                               0x0800b66d   Thumb Code    68  rt_list.o(i.rt_put_dly)
    rt_put_prio                              0x0800b6b5   Thumb Code    54  rt_list.o(i.rt_put_prio)
    rt_put_rdy_first                         0x0800b6ed   Thumb Code    14  rt_list.o(i.rt_put_rdy_first)
    rt_resort_prio                           0x0800b701   Thumb Code    46  rt_list.o(i.rt_resort_prio)
    rt_ret_val                               0x0800b745   Thumb Code    12  hal_cm.o(i.rt_ret_val)
    rt_ret_val2                              0x0800b751   Thumb Code    16  hal_cm.o(i.rt_ret_val2)
    rt_rmv_dly                               0x0800b761   Thumb Code    40  rt_list.o(i.rt_rmv_dly)
    rt_rmv_list                              0x0800b789   Thumb Code    44  rt_list.o(i.rt_rmv_list)
    rt_sem_psh                               0x0800b7b9   Thumb Code    48  rt_semaphore.o(i.rt_sem_psh)
    rt_stk_check                             0x0800b7ed   Thumb Code    28  rt_system.o(i.rt_stk_check)
    rt_switch_req                            0x0800b811   Thumb Code    30  rt_task.o(i.rt_switch_req)
    rt_sys_init                              0x0800b839   Thumb Code   138  rt_task.o(i.rt_sys_init)
    rt_sys_start                             0x0800b905   Thumb Code   110  rt_task.o(i.rt_sys_start)
    rt_systick                               0x0800b97d   Thumb Code    50  rt_system.o(i.rt_systick)
    rt_tsk_create                            0x0800ba05   Thumb Code   118  rt_task.o(i.rt_tsk_create)
    rt_tsk_delete                            0x0800ba8d   Thumb Code   352  rt_task.o(i.rt_tsk_delete)
    rt_tsk_prio                              0x0800bc09   Thumb Code   108  rt_task.o(i.rt_tsk_prio)
    rt_tsk_self                              0x0800bc85   Thumb Code    12  rt_task.o(i.rt_tsk_self)
    sqrt                                     0x0800bc95   Thumb Code   110  sqrt.o(i.sqrt)
    svcDelay                                 0x0800bd03   Thumb Code    18  rt_cmsis.o(i.svcDelay)
    svcKernelInitialize                      0x0800bd15   Thumb Code    80  rt_cmsis.o(i.svcKernelInitialize)
    svcKernelStart                           0x0800bd85   Thumb Code    62  rt_cmsis.o(i.svcKernelStart)
    svcMessageCreate                         0x0800bdcd   Thumb Code    36  rt_cmsis.o(i.svcMessageCreate)
    svcMessageGet                            0x0800bdf1   Thumb Code    58  rt_cmsis.o(i.svcMessageGet)
    svcSignalSet                             0x0800be2b   Thumb Code    36  rt_cmsis.o(i.svcSignalSet)
    svcSignalWait                            0x0800be51   Thumb Code    80  rt_cmsis.o(i.svcSignalWait)
    svcThreadCreate                          0x0800bea5   Thumb Code   100  rt_cmsis.o(i.svcThreadCreate)
    svcThreadGetId                           0x0800bf15   Thumb Code    22  rt_cmsis.o(i.svcThreadGetId)
    svcThreadTerminate                       0x0800bf31   Thumb Code    50  rt_cmsis.o(i.svcThreadTerminate)
    svcTimerCall                             0x0800bf69   Thumb Code    24  rt_cmsis.o(i.svcTimerCall)
    sysTimerTick                             0x0800bf81   Thumb Code    84  rt_cmsis.o(i.sysTimerTick)
    os_thread_def_Thread_LED                 0x0800bfdc   Data          16  thread_led.o(.constdata)
    os_thread_def_Thread_ACCEL               0x0800bfec   Data          16  thread_accel.o(.constdata)
    os_thread_def_Thread_ADCTemp             0x0800bffc   Data          16  thread_adctemp.o(.constdata)
    os_thread_def_Thread_SPI                 0x0800c00c   Data          16  thread_spi.o(.constdata)
    os_maxtaskrun                            0x0800c01c   Data           2  rtx_conf_cm.o(.constdata)
    os_stackinfo                             0x0800c020   Data           4  rtx_conf_cm.o(.constdata)
    os_rrobin                                0x0800c024   Data           4  rtx_conf_cm.o(.constdata)
    os_tickfreq                              0x0800c028   Data           4  rtx_conf_cm.o(.constdata)
    os_tickus_i                              0x0800c02c   Data           2  rtx_conf_cm.o(.constdata)
    os_tickus_f                              0x0800c02e   Data           2  rtx_conf_cm.o(.constdata)
    os_trv                                   0x0800c030   Data           4  rtx_conf_cm.o(.constdata)
    os_flags                                 0x0800c034   Data           1  rtx_conf_cm.o(.constdata)
    CMSIS_RTOS_API_Version                   0x0800c038   Data           4  rtx_conf_cm.o(.constdata)
    CMSIS_RTOS_RTX_Version                   0x0800c03c   Data           4  rtx_conf_cm.o(.constdata)
    os_clockrate                             0x0800c040   Data           4  rtx_conf_cm.o(.constdata)
    os_timernum                              0x0800c044   Data           4  rtx_conf_cm.o(.constdata)
    mp_tcb_size                              0x0800c048   Data           2  rtx_conf_cm.o(.constdata)
    mp_stk_size                              0x0800c04c   Data           4  rtx_conf_cm.o(.constdata)
    os_stack_sz                              0x0800c050   Data           4  rtx_conf_cm.o(.constdata)
    os_fifo_size                             0x0800c054   Data           1  rtx_conf_cm.o(.constdata)
    os_thread_def_osTimerThread              0x0800c058   Data          16  rtx_conf_cm.o(.constdata)
    os_messageQ_def_osTimerMessageQ          0x0800c068   Data           8  rtx_conf_cm.o(.constdata)
    mp_tmr_size                              0x0800c070   Data           2  rtx_conf_cm.o(.constdata)
    APBAHBPrescTable                         0x0800c07a   Data          16  stm32f4xx_hal_rcc.o(.constdata)
    AHBPrescTable                            0x0800c08a   Data          16  system_stm32f4xx.o(.constdata)
    __mathlib_zero                           0x0800c1c0   Data           8  qnan.o(.constdata)
    Region$$Table$$Base                      0x0800c1c8   Number         0  anon$$obj.o(Region$$Table)
    Region$$Table$$Limit                     0x0800c1e8   Number         0  anon$$obj.o(Region$$Table)
    tid_Thread_LED                           0x20000000   Data           4  thread_led.o(.data)
    ledspinspeed                             0x20000004   Data           4  thread_led.o(.data)
    brightness                               0x20000008   Data           4  thread_led.o(.data)
    ledflag                                  0x2000000c   Data           4  thread_led.o(.data)
    count                                    0x20000010   Data           4  thread_led.o(.data)
    ten                                      0x20000014   Data           4  tim.o(.data)
    hundred                                  0x20000018   Data           4  tim.o(.data)
    msecond                                  0x2000001c   Data           4  tim.o(.data)
    second                                   0x20000020   Data           4  tim.o(.data)
    timcounter                               0x20000024   Data           4  tim.o(.data)
    tid_Thread_ACCEL                         0x20000028   Data           4  thread_accel.o(.data)
    CALIBRATEDXYZ                            0x2000002c   Data           4  thread_accel.o(.data)
    PitchOutput                              0x20000030   Data           4  thread_accel.o(.data)
    RollOutput                               0x20000034   Data           4  thread_accel.o(.data)
    angleRoll                                0x20000038   Data           2  thread_accel.o(.data)
    anglePitch                               0x2000003a   Data           2  thread_accel.o(.data)
    TAP                                      0x2000003c   Data           4  thread_accel.o(.data)
    DOUBLETAP                                0x20000040   Data           4  thread_accel.o(.data)
    AccelInit                                0x20000044   Data           6  thread_accel.o(.data)
    AccelInterrupt                           0x2000004a   Data           3  thread_accel.o(.data)
    getADCValue                              0x20000050   Data           4  thread_adctemp.o(.data)
    tid_Thread_ADCTemp                       0x20000054   Data           4  thread_adctemp.o(.data)
    temperature                              0x20000058   Data           4  thread_adctemp.o(.data)
    filteredTemp                             0x2000005c   Data           4  thread_adctemp.o(.data)
    tempSent                                 0x20000060   Data           2  thread_adctemp.o(.data)
    tid_Thread_SPI                           0x20000064   Data           4  thread_spi.o(.data)
    ledattr                                  0x20000068   Data           2  thread_spi.o(.data)
    Timeout                                  0x2000006c   Data           4  thread_spi.o(.data)
    temp                                     0x20000070   Data           4  thread_spi.o(.data)
    LIS3DSHTimeout                           0x20000074   Data           4  lis3dsh.o(.data)
    osThreadId_osTimerThread                 0x20000078   Data           4  rtx_conf_cm.o(.data)
    osMessageQId_osTimerMessageQ             0x2000007c   Data           4  rtx_conf_cm.o(.data)
    os_tmr                                   0x20000080   Data           4  rtx_conf_cm.o(.data)
    m_tmr                                    0x20000084   Data           4  rtx_conf_cm.o(.data)
    os_thread_def_main                       0x20000088   Data          16  rtx_conf_cm.o(.data)
    SystemCoreClock                          0x2000009c   Data           4  system_stm32f4xx.o(.data)
    os_initialized                           0x200000a0   Data           1  rt_cmsis.o(.data)
    os_running                               0x200000a1   Data           1  rt_cmsis.o(.data)
    os_timer_head                            0x200000a4   Data           4  rt_cmsis.o(.data)
    os_time                                  0x200000a8   Data           4  rt_time.o(.data)
    os_tsk                                   0x200000ac   Data           8  rt_task.o(.data)
    os_tick_irqn                             0x200000b8   Data           4  rt_system.o(.data)
    dbg_msg                                  0x200000bc   Data           1  hal_cm.o(.data)
    os_robin                                 0x200000c0   Data           8  rt_robin.o(.data)
    __stdout                                 0x200000c8   Data           4  stdout.o(.data)
    LED_configuration                        0x200000d0   Data          20  thread_led.o(.bss)
    GPIO_InitDef                             0x200000e4   Data          20  thread_led.o(.bss)
    TIM3_Handle                              0x200000f8   Data          60  tim.o(.bss)
    AccelOutput                              0x20000134   Data          12  thread_accel.o(.bss)
    CalibratedAO                             0x20000140   Data          12  thread_accel.o(.bss)
    FilteredAO                               0x2000014c   Data          12  thread_accel.o(.bss)
    previous                                 0x20000158   Data          12  thread_accel.o(.bss)
    AccelGPIO                                0x20000164   Data          20  thread_accel.o(.bss)
    ADC1_Handle                              0x20000178   Data          68  thread_adctemp.o(.bss)
    ADC_InitStructure                        0x200001bc   Data          48  thread_adctemp.o(.bss)
    ADC_Channel                              0x200001ec   Data          16  thread_adctemp.o(.bss)
    Spi3Handle                               0x200001fc   Data          88  thread_spi.o(.bss)
    SpiHandle                                0x20000254   Data          88  lis3dsh.o(.bss)
    mp_tcb                                   0x200002b0   Data         480  rtx_conf_cm.o(.bss)
    mp_stk                                   0x20000490   Data        3216  rtx_conf_cm.o(.bss)
    os_stack_mem                             0x20001120   Data        4112  rtx_conf_cm.o(.bss)
    os_fifo                                  0x20002130   Data         132  rtx_conf_cm.o(.bss)
    os_active_TCB                            0x200021b4   Data          36  rtx_conf_cm.o(.bss)
    os_messageQ_q_osTimerMessageQ            0x200021d8   Data          32  rtx_conf_cm.o(.bss)
    os_idle_TCB                              0x200021f8   Data          52  rt_task.o(.bss)
    os_rdy                                   0x2000222c   Data          24  rt_list.o(.bss)
    os_dly                                   0x20002244   Data          24  rt_list.o(.bss)
    __initial_sp                             0x20002660   Data           0  startup_stm32f407xx.o(STACK)



==============================================================================

Memory Map of the image

  Image Entry point : 0x08000189

  Load Region LR_IROM1 (Base: 0x08000000, Size: 0x0000c2b8, Max: 0x00100000, ABSOLUTE)

    Execution Region ER_IROM1 (Base: 0x08000000, Size: 0x0000c1e8, Max: 0x00100000, ABSOLUTE)

    Base Addr    Size         Type   Attr      Idx    E Section Name        Object

    0x08000000   0x00000188   Data   RO          860    RESET               startup_stm32f407xx.o
    0x08000188   0x00000000   Code   RO         2161  * .ARM.Collect$$$$00000000  mc_w.l(entry.o)
    0x08000188   0x00000004   Code   RO         2457    .ARM.Collect$$$$00000001  mc_w.l(entry2.o)
    0x0800018c   0x00000004   Code   RO         2460    .ARM.Collect$$$$00000004  mc_w.l(entry5.o)
    0x08000190   0x00000000   Code   RO         2462    .ARM.Collect$$$$00000008  mc_w.l(entry7b.o)
    0x08000190   0x00000000   Code   RO         2464    .ARM.Collect$$$$0000000A  mc_w.l(entry8b.o)
    0x08000190   0x00000000   Code   RO         2465    .ARM.Collect$$$$0000000D  mc_w.l(entry10a.o)
    0x08000190   0x00000000   Code   RO         2467    .ARM.Collect$$$$0000000F  mc_w.l(entry11a.o)
    0x08000190   0x00000018   Code   RO          435    .ARM.Collect$$$$000000FF  rtx_conf_cm.o
    0x080001a8   0x00000004   Code   RO         2458    .ARM.Collect$$$$00002712  mc_w.l(entry2.o)
    0x080001ac   0x00000198   Code   RO         2102    .emb_text           RTX_CM4.lib(hal_cm4.o)
    0x08000344   0x000000e4   Code   RO            4    .text               main.o
    0x08000428   0x000002bc   Code   RO          169    .text               thread_led.o
    0x080006e4   0x00000078   Code   RO          226    .text               kalmanfilter.o
    0x0800075c   0x0000010c   Code   RO          241    .text               tim.o
    0x08000868   0x00000828   Code   RO          273    .text               thread_accel.o
    0x08001090   0x000001f8   Code   RO          309    .text               thread_adctemp.o
    0x08001288   0x00000518   Code   RO          345    .text               thread_spi.o
    0x080017a0   0x00000038   Code   RO          382    .text               fput_debug.o
    0x080017d8   0x000005c0   Code   RO          410    .text               lis3dsh.o
    0x08001d98   0x00000026   Code   RO          436    .text               rtx_conf_cm.o
    0x08001dbe   0x00000002   PAD
    0x08001dc0   0x000001b0   Code   RO          467    .text               stm32f4xx_hal.o
    0x08001f70   0x0000099c   Code   RO          493    .text               stm32f4xx_hal_adc.o
    0x0800290c   0x00000720   Code   RO          517    .text               stm32f4xx_hal_adc_ex.o
    0x0800302c   0x00000324   Code   RO          541    .text               stm32f4xx_hal_cortex.o
    0x08003350   0x00000618   Code   RO          569    .text               stm32f4xx_hal_dma.o
    0x08003968   0x000003cc   Code   RO          618    .text               stm32f4xx_hal_gpio.o
    0x08003d34   0x00000a4c   Code   RO          690    .text               stm32f4xx_hal_rcc.o
    0x08004780   0x00001598   Code   RO          741    .text               stm32f4xx_hal_spi.o
    0x08005d18   0x00002800   Code   RO          765    .text               stm32f4xx_hal_tim.o
    0x08008518   0x00000d88   Code   RO          789    .text               stm32f4xx_hal_tim_ex.o
    0x080092a0   0x00000024   Code   RO          861    .text               startup_stm32f407xx.o
    0x080092c4   0x00000120   Code   RO          868    .text               system_stm32f4xx.o
    0x080093e4   0x0000014e   Code   RO         2426    .text               mf_w.l(dadd.o)
    0x08009532   0x000000e4   Code   RO         2428    .text               mf_w.l(dmul.o)
    0x08009616   0x000000de   Code   RO         2430    .text               mf_w.l(ddiv.o)
    0x080096f4   0x00000026   Code   RO         2432    .text               mf_w.l(f2d.o)
    0x0800971a   0x00000002   PAD
    0x0800971c   0x00000030   Code   RO         2434    .text               mf_w.l(cdrcmple.o)
    0x0800974c   0x00000038   Code   RO         2436    .text               mf_w.l(d2f.o)
    0x08009784   0x0000001e   Code   RO         2472    .text               mc_w.l(llshl.o)
    0x080097a2   0x00000020   Code   RO         2474    .text               mc_w.l(llushr.o)
    0x080097c2   0x00000024   Code   RO         2476    .text               mc_w.l(llsshr.o)
    0x080097e6   0x00000000   Code   RO         2485    .text               mc_w.l(iusefp.o)
    0x080097e6   0x0000006e   Code   RO         2486    .text               mf_w.l(fepilogue.o)
    0x08009854   0x000000ba   Code   RO         2488    .text               mf_w.l(depilogue.o)
    0x0800990e   0x0000002e   Code   RO         2492    .text               mf_w.l(dscalb.o)
    0x0800993c   0x000000a2   Code   RO         2494    .text               mf_w.l(dsqrt.o)
    0x080099de   0x00000022   Code   RO         2496    .text               mf_w.l(dflti.o)
    0x08009a00   0x00000024   Code   RO         2502    .text               mc_w.l(init.o)
    0x08009a24   0x00000004   Code   RO         2112    SVC_TABLE           RTX_CM4.lib(svc_table.o)
    0x08009a28   0x00000010   Code   RO         2167    i.__0printf$bare    mc_w.l(printfb.o)
    0x08009a38   0x00000030   Code   RO         2452    i.__ARM_fpclassify  m_wm.l(fpclassify.o)
    0x08009a68   0x000002d8   Code   RO         2115    i.__hardfp_atan     m_wm.l(atan.o)
    0x08009d40   0x00000014   Code   RO         2129    i.__hardfp_fabs     m_wm.l(fabs.o)
    0x08009d54   0x00000004   PAD
    0x08009d58   0x00000c38   Code   RO         2135    i.__hardfp_pow      m_wm.l(pow.o)
    0x0800a990   0x0000007a   Code   RO         2149    i.__hardfp_sqrt     m_wm.l(sqrt.o)
    0x0800aa0a   0x000000f8   Code   RO         2454    i.__kernel_poly     m_wm.l(poly.o)
    0x0800ab02   0x00000006   PAD
    0x0800ab08   0x00000030   Code   RO         2438    i.__mathlib_dbl_divzero  m_wm.l(dunder.o)
    0x0800ab38   0x00000014   Code   RO         2439    i.__mathlib_dbl_infnan  m_wm.l(dunder.o)
    0x0800ab4c   0x00000014   Code   RO         2440    i.__mathlib_dbl_infnan2  m_wm.l(dunder.o)
    0x0800ab60   0x00000020   Code   RO         2441    i.__mathlib_dbl_invalid  m_wm.l(dunder.o)
    0x0800ab80   0x00000020   Code   RO         2442    i.__mathlib_dbl_overflow  m_wm.l(dunder.o)
    0x0800aba0   0x00000020   Code   RO         2444    i.__mathlib_dbl_underflow  m_wm.l(dunder.o)
    0x0800abc0   0x0000000e   Code   RO         2506    i.__scatterload_copy  mc_w.l(handlers.o)
    0x0800abce   0x00000002   Code   RO         2507    i.__scatterload_null  mc_w.l(handlers.o)
    0x0800abd0   0x0000000e   Code   RO         2508    i.__scatterload_zeroinit  mc_w.l(handlers.o)
    0x0800abde   0x00000002   PAD
    0x0800abe0   0x0000000c   Code   RO         2480    i.__set_errno       mc_w.l(errno.o)
    0x0800abec   0x00000046   Code   RO         1975    i._init_box         RTX_CM4.lib(rt_membox.o)
    0x0800ac32   0x00000022   Code   RO         2174    i._printf_core      mc_w.l(printfb.o)
    0x0800ac54   0x00000030   Code   RO         2028    i.dbg_init          RTX_CM4.lib(hal_cm.o)
    0x0800ac84   0x00000020   Code   RO         2029    i.dbg_task_notify   RTX_CM4.lib(hal_cm.o)
    0x0800aca4   0x00000010   Code   RO         2030    i.dbg_task_switch   RTX_CM4.lib(hal_cm.o)
    0x0800acb4   0x00000018   Code   RO         2131    i.fabs              m_wm.l(fabs.o)
    0x0800accc   0x0000002a   Code   RO          899    i.isrMessageGet     RTX_CM4.lib(rt_cmsis.o)
    0x0800acf6   0x0000002c   Code   RO          900    i.isrMessagePut     RTX_CM4.lib(rt_cmsis.o)
    0x0800ad22   0x00000024   Code   RO          902    i.isrSignalSet      RTX_CM4.lib(rt_cmsis.o)
    0x0800ad46   0x00000002   PAD
    0x0800ad48   0x00000028   Code   RO         1732    i.isr_evt_set       RTX_CM4.lib(rt_event.o)
    0x0800ad70   0x00000052   Code   RO         1854    i.isr_mbx_receive   RTX_CM4.lib(rt_mailbox.o)
    0x0800adc2   0x0000000e   Code   RO         1855    i.isr_mbx_send      RTX_CM4.lib(rt_mailbox.o)
    0x0800add0   0x00000018   Code   RO          903    i.osDelay           RTX_CM4.lib(rt_cmsis.o)
    0x0800ade8   0x00000024   Code   RO          904    i.osKernelInitialize  RTX_CM4.lib(rt_cmsis.o)
    0x0800ae0c   0x0000006c   Code   RO          906    i.osKernelStart     RTX_CM4.lib(rt_cmsis.o)
    0x0800ae78   0x00000018   Code   RO          915    i.osMessageGet      RTX_CM4.lib(rt_cmsis.o)
    0x0800ae90   0x00000018   Code   RO          930    i.osSignalSet       RTX_CM4.lib(rt_cmsis.o)
    0x0800aea8   0x00000018   Code   RO          931    i.osSignalWait      RTX_CM4.lib(rt_cmsis.o)
    0x0800aec0   0x00000030   Code   RO          932    i.osThreadCreate    RTX_CM4.lib(rt_cmsis.o)
    0x0800aef0   0x00000018   Code   RO          933    i.osThreadExit      RTX_CM4.lib(rt_cmsis.o)
    0x0800af08   0x0000000c   Code   RO          939    i.osTimerCall       RTX_CM4.lib(rt_cmsis.o)
    0x0800af14   0x0000002c   Code   RO          944    i.osTimerThread     RTX_CM4.lib(rt_cmsis.o)
    0x0800af40   0x00000028   Code   RO         1642    i.os_tick_init      RTX_CM4.lib(rt_system.o)
    0x0800af68   0x00000002   Code   RO         1643    i.os_tick_irqack    RTX_CM4.lib(rt_system.o)
    0x0800af6a   0x0000001a   Code   RO         1976    i.rt_alloc_box      RTX_CM4.lib(rt_membox.o)
    0x0800af84   0x0000003e   Code   RO         2004    i.rt_alloc_mem      RTX_CM4.lib(rt_memory.o)
    0x0800afc2   0x00000002   PAD
    0x0800afc4   0x00000038   Code   RO         1557    i.rt_block          RTX_CM4.lib(rt_task.o)
    0x0800affc   0x00000048   Code   RO         2081    i.rt_chk_robin      RTX_CM4.lib(rt_robin.o)
    0x0800b044   0x00000070   Code   RO         1778    i.rt_dec_dly        RTX_CM4.lib(rt_list.o)
    0x0800b0b4   0x00000044   Code   RO         1558    i.rt_dispatch       RTX_CM4.lib(rt_task.o)
    0x0800b0f8   0x00000006   Code   RO         1524    i.rt_dly_wait       RTX_CM4.lib(rt_time.o)
    0x0800b0fe   0x00000002   PAD
    0x0800b100   0x00000050   Code   RO         1735    i.rt_evt_psh        RTX_CM4.lib(rt_event.o)
    0x0800b150   0x0000005c   Code   RO         1736    i.rt_evt_set        RTX_CM4.lib(rt_event.o)
    0x0800b1ac   0x0000003c   Code   RO         1737    i.rt_evt_wait       RTX_CM4.lib(rt_event.o)
    0x0800b1e8   0x0000002c   Code   RO         1977    i.rt_free_box       RTX_CM4.lib(rt_membox.o)
    0x0800b214   0x00000028   Code   RO         2005    i.rt_free_mem       RTX_CM4.lib(rt_memory.o)
    0x0800b23c   0x00000028   Code   RO         1779    i.rt_get_first      RTX_CM4.lib(rt_list.o)
    0x0800b264   0x00000008   Code   RO          949    i.rt_id2obj         RTX_CM4.lib(rt_cmsis.o)
    0x0800b26c   0x00000048   Code   RO         1559    i.rt_init_context   RTX_CM4.lib(rt_task.o)
    0x0800b2b4   0x0000001a   Code   RO         2006    i.rt_init_mem       RTX_CM4.lib(rt_memory.o)
    0x0800b2ce   0x00000002   PAD
    0x0800b2d0   0x00000018   Code   RO         2082    i.rt_init_robin     RTX_CM4.lib(rt_robin.o)
    0x0800b2e8   0x00000080   Code   RO         2031    i.rt_init_stack     RTX_CM4.lib(hal_cm.o)
    0x0800b368   0x00000008   Code   RO         1856    i.rt_mbx_check      RTX_CM4.lib(rt_mailbox.o)
    0x0800b370   0x0000001a   Code   RO         1857    i.rt_mbx_init       RTX_CM4.lib(rt_mailbox.o)
    0x0800b38a   0x00000002   PAD
    0x0800b38c   0x000000f0   Code   RO         1858    i.rt_mbx_psh        RTX_CM4.lib(rt_mailbox.o)
    0x0800b47c   0x000000b4   Code   RO         1860    i.rt_mbx_wait       RTX_CM4.lib(rt_mailbox.o)
    0x0800b530   0x00000044   Code   RO          950    i.rt_ms2tick        RTX_CM4.lib(rt_cmsis.o)
    0x0800b574   0x0000007c   Code   RO         1646    i.rt_pop_req        RTX_CM4.lib(rt_system.o)
    0x0800b5f0   0x00000020   Code   RO         1647    i.rt_psh_req        RTX_CM4.lib(rt_system.o)
    0x0800b610   0x0000005c   Code   RO         1781    i.rt_psq_enq        RTX_CM4.lib(rt_list.o)
    0x0800b66c   0x00000048   Code   RO         1782    i.rt_put_dly        RTX_CM4.lib(rt_list.o)
    0x0800b6b4   0x00000036   Code   RO         1783    i.rt_put_prio       RTX_CM4.lib(rt_list.o)
    0x0800b6ea   0x00000002   PAD
    0x0800b6ec   0x00000014   Code   RO         1784    i.rt_put_rdy_first  RTX_CM4.lib(rt_list.o)
    0x0800b700   0x00000034   Code   RO         1785    i.rt_resort_prio    RTX_CM4.lib(rt_list.o)
    0x0800b734   0x00000010   Code   RO         2032    i.rt_ret_regs       RTX_CM4.lib(hal_cm.o)
    0x0800b744   0x0000000c   Code   RO         2033    i.rt_ret_val        RTX_CM4.lib(hal_cm.o)
    0x0800b750   0x00000010   Code   RO         2034    i.rt_ret_val2       RTX_CM4.lib(hal_cm.o)
    0x0800b760   0x00000028   Code   RO         1786    i.rt_rmv_dly        RTX_CM4.lib(rt_list.o)
    0x0800b788   0x00000030   Code   RO         1787    i.rt_rmv_list       RTX_CM4.lib(rt_list.o)
    0x0800b7b8   0x00000034   Code   RO         1905    i.rt_sem_psh        RTX_CM4.lib(rt_semaphore.o)
    0x0800b7ec   0x00000024   Code   RO         1649    i.rt_stk_check      RTX_CM4.lib(rt_system.o)
    0x0800b810   0x00000028   Code   RO         1560    i.rt_switch_req     RTX_CM4.lib(rt_task.o)
    0x0800b838   0x000000cc   Code   RO         1561    i.rt_sys_init       RTX_CM4.lib(rt_task.o)
    0x0800b904   0x00000078   Code   RO         1562    i.rt_sys_start      RTX_CM4.lib(rt_task.o)
    0x0800b97c   0x00000040   Code   RO         1651    i.rt_systick        RTX_CM4.lib(rt_system.o)
    0x0800b9bc   0x00000012   Code   RO          951    i.rt_tid2ptcb       RTX_CM4.lib(rt_cmsis.o)
    0x0800b9ce   0x00000002   PAD
    0x0800b9d0   0x00000034   Code   RO          952    i.rt_timer_insert   RTX_CM4.lib(rt_cmsis.o)
    0x0800ba04   0x00000088   Code   RO         1563    i.rt_tsk_create     RTX_CM4.lib(rt_task.o)
    0x0800ba8c   0x0000017c   Code   RO         1564    i.rt_tsk_delete     RTX_CM4.lib(rt_task.o)
    0x0800bc08   0x0000007c   Code   RO         1566    i.rt_tsk_prio       RTX_CM4.lib(rt_task.o)
    0x0800bc84   0x00000010   Code   RO         1567    i.rt_tsk_self       RTX_CM4.lib(rt_task.o)
    0x0800bc94   0x0000006e   Code   RO         2151    i.sqrt              m_wm.l(sqrt.o)
    0x0800bd02   0x00000012   Code   RO          954    i.svcDelay          RTX_CM4.lib(rt_cmsis.o)
    0x0800bd14   0x00000070   Code   RO          955    i.svcKernelInitialize  RTX_CM4.lib(rt_cmsis.o)
    0x0800bd84   0x00000048   Code   RO          957    i.svcKernelStart    RTX_CM4.lib(rt_cmsis.o)
    0x0800bdcc   0x00000024   Code   RO          960    i.svcMessageCreate  RTX_CM4.lib(rt_cmsis.o)
    0x0800bdf0   0x0000003a   Code   RO          961    i.svcMessageGet     RTX_CM4.lib(rt_cmsis.o)
    0x0800be2a   0x00000024   Code   RO          973    i.svcSignalSet      RTX_CM4.lib(rt_cmsis.o)
    0x0800be4e   0x00000002   PAD
    0x0800be50   0x00000054   Code   RO          974    i.svcSignalWait     RTX_CM4.lib(rt_cmsis.o)
    0x0800bea4   0x00000070   Code   RO          975    i.svcThreadCreate   RTX_CM4.lib(rt_cmsis.o)
    0x0800bf14   0x0000001c   Code   RO          976    i.svcThreadGetId    RTX_CM4.lib(rt_cmsis.o)
    0x0800bf30   0x00000038   Code   RO          979    i.svcThreadTerminate  RTX_CM4.lib(rt_cmsis.o)
    0x0800bf68   0x00000018   Code   RO          981    i.svcTimerCall      RTX_CM4.lib(rt_cmsis.o)
    0x0800bf80   0x0000005c   Code   RO          990    i.sysTimerTick      RTX_CM4.lib(rt_cmsis.o)
    0x0800bfdc   0x00000010   Data   RO          171    .constdata          thread_led.o
    0x0800bfec   0x00000010   Data   RO          275    .constdata          thread_accel.o
    0x0800bffc   0x00000010   Data   RO          311    .constdata          thread_adctemp.o
    0x0800c00c   0x00000010   Data   RO          347    .constdata          thread_spi.o
    0x0800c01c   0x00000056   Data   RO          438    .constdata          rtx_conf_cm.o
    0x0800c072   0x00000008   Data   RO          570    .constdata          stm32f4xx_hal_dma.o
    0x0800c07a   0x00000010   Data   RO          691    .constdata          stm32f4xx_hal_rcc.o
    0x0800c08a   0x00000010   Data   RO          869    .constdata          system_stm32f4xx.o
    0x0800c09a   0x00000006   PAD
    0x0800c0a0   0x00000098   Data   RO         2118    .constdata          m_wm.l(atan.o)
    0x0800c138   0x00000088   Data   RO         2138    .constdata          m_wm.l(pow.o)
    0x0800c1c0   0x00000008   Data   RO         2456    .constdata          m_wm.l(qnan.o)
    0x0800c1c8   0x00000020   Data   RO         2504    Region$$Table       anon$$obj.o


    Execution Region RW_IRAM1 (Base: 0x20000000, Size: 0x00002660, Max: 0x00020000, ABSOLUTE)

    Base Addr    Size         Type   Attr      Idx    E Section Name        Object

    0x20000000   0x00000014   Data   RW          172    .data               thread_led.o
    0x20000014   0x00000014   Data   RW          243    .data               tim.o
    0x20000028   0x00000025   Data   RW          276    .data               thread_accel.o
    0x2000004d   0x00000003   PAD
    0x20000050   0x00000012   Data   RW          312    .data               thread_adctemp.o
    0x20000062   0x00000002   PAD
    0x20000064   0x00000010   Data   RW          348    .data               thread_spi.o
    0x20000074   0x00000004   Data   RW          412    .data               lis3dsh.o
    0x20000078   0x00000020   Data   RW          439    .data               rtx_conf_cm.o
    0x20000098   0x00000004   Data   RW          468    .data               stm32f4xx_hal.o
    0x2000009c   0x00000004   Data   RW          870    .data               system_stm32f4xx.o
    0x200000a0   0x00000008   Data   RW          993    .data               RTX_CM4.lib(rt_cmsis.o)
    0x200000a8   0x00000004   Data   RW         1528    .data               RTX_CM4.lib(rt_time.o)
    0x200000ac   0x00000008   Data   RW         1569    .data               RTX_CM4.lib(rt_task.o)
    0x200000b4   0x00000008   Data   RW         1654    .data               RTX_CM4.lib(rt_system.o)
    0x200000bc   0x00000001   Data   RW         2035    .data               RTX_CM4.lib(hal_cm.o)
    0x200000bd   0x00000003   PAD
    0x200000c0   0x00000008   Data   RW         2083    .data               RTX_CM4.lib(rt_robin.o)
    0x200000c8   0x00000004   Data   RW         2469    .data               mc_w.l(stdout.o)
    0x200000cc   0x00000004   Data   RW         2481    .data               mc_w.l(errno.o)
    0x200000d0   0x00000028   Zero   RW          170    .bss                thread_led.o
    0x200000f8   0x0000003c   Zero   RW          242    .bss                tim.o
    0x20000134   0x00000044   Zero   RW          274    .bss                thread_accel.o
    0x20000178   0x00000084   Zero   RW          310    .bss                thread_adctemp.o
    0x200001fc   0x00000058   Zero   RW          346    .bss                thread_spi.o
    0x20000254   0x00000058   Zero   RW          411    .bss                lis3dsh.o
    0x200002ac   0x00000004   PAD
    0x200002b0   0x00001f48   Zero   RW          437    .bss                rtx_conf_cm.o
    0x200021f8   0x00000034   Zero   RW         1568    .bss                RTX_CM4.lib(rt_task.o)
    0x2000222c   0x00000030   Zero   RW         1788    .bss                RTX_CM4.lib(rt_list.o)
    0x2000225c   0x00000004   PAD
    0x20002260   0x00000400   Zero   RW          858    STACK               startup_stm32f407xx.o


==============================================================================

Image component sizes


      Code (inc. data)   RO Data    RW Data    ZI Data      Debug   Object Name

        56          4          0          0          0      27319   fput_debug.o
       120          0          0          0          0       1268   kalmanfilter.o
      1472        120          0          4         88       4913   lis3dsh.o
       228         16          0          0          0     404758   main.o
        62          6         86         32       8008       7366   rtx_conf_cm.o
        36          8        392          0       1024        852   startup_stm32f407xx.o
       432         26          0          4          0       4990   stm32f4xx_hal.o
      2460         70          0          0          0       7575   stm32f4xx_hal_adc.o
      1824         40          0          0          0       5694   stm32f4xx_hal_adc_ex.o
       804         20          0          0          0      32311   stm32f4xx_hal_cortex.o
      1560         16          8          0          0       5016   stm32f4xx_hal_dma.o
       972         50          0          0          0       3835   stm32f4xx_hal_gpio.o
      2636         66         16          0          0       5742   stm32f4xx_hal_rcc.o
      5528         54          0          0          0      13284   stm32f4xx_hal_spi.o
     10240        152          0          0          0      31026   stm32f4xx_hal_tim.o
      3464         26          0          0          0      11826   stm32f4xx_hal_tim_ex.o
       288         32         16          4          0       1615   system_stm32f4xx.o
      2088        258         16         37         68       5110   thread_accel.o
       504         80         16         18        132       2761   thread_adctemp.o
       700         46         16         20         40       3022   thread_led.o
      1304        134         16         16         88       3397   thread_spi.o
       268         44          0         20         60       1793   tim.o

    ----------------------------------------------------------------------
     37048       1268        620        160       9512     585473   Object Totals
         0          0         32          0          0          0   (incl. Generated)
         2          0          6          5          4          0   (incl. Padding)

    ----------------------------------------------------------------------

      Code (inc. data)   RO Data    RW Data    ZI Data      Debug   Library Member Name

       268         24          0          1          0       4452   hal_cm.o
       408         34          0          0          0        816   hal_cm4.o
      1364        162          0          8          0      38554   rt_cmsis.o
       272         18          0          0          0       2810   rt_event.o
       530         34          0          0         48       8597   rt_list.o
       550         10          0          0          0       4185   rt_mailbox.o
       140          0          0          0          0       2045   rt_membox.o
       128          0          0          0          0       2419   rt_memory.o
        96         22          0          8          0       1230   rt_robin.o
        52          4          0          0          0        613   rt_semaphore.o
       298         52          0          8          0       6439   rt_system.o
      1216        174          0          8         52      10025   rt_task.o
         6          0          0          4          0        684   rt_time.o
         4          4          0          0          0        200   svc_table.o
       728        106        152          0          0        228   atan.o
       184         44          0          0          0        744   dunder.o
        44          0          0          0          0        248   fabs.o
        48          0          0          0          0        124   fpclassify.o
       248          0          0          0          0        152   poly.o
      3128        302        136          0          0        356   pow.o
         0          0          8          0          0          0   qnan.o
       232          0          0          0          0        296   sqrt.o
         0          0          0          0          0          0   entry.o
         0          0          0          0          0          0   entry10a.o
         0          0          0          0          0          0   entry11a.o
         8          4          0          0          0          0   entry2.o
         4          0          0          0          0          0   entry5.o
         0          0          0          0          0          0   entry7b.o
         0          0          0          0          0          0   entry8b.o
        12          6          0          4          0         68   errno.o
        30          0          0          0          0          0   handlers.o
        36          8          0          0          0         68   init.o
         0          0          0          0          0          0   iusefp.o
        30          0          0          0          0         68   llshl.o
        36          0          0          0          0         68   llsshr.o
        32          0          0          0          0         68   llushr.o
        50          8          0          0          0        152   printfb.o
         0          0          0          4          0          0   stdout.o
        48          0          0          0          0         68   cdrcmple.o
        56          0          0          0          0         88   d2f.o
       334          0          0          0          0        148   dadd.o
       222          0          0          0          0        100   ddiv.o
       186          0          0          0          0        176   depilogue.o
        34          0          0          0          0         76   dflti.o
       228          0          0          0          0         96   dmul.o
        46          0          0          0          0         80   dscalb.o
       162          0          0          0          0        100   dsqrt.o
        38          0          0          0          0         68   f2d.o
       110          0          0          0          0        168   fepilogue.o

    ----------------------------------------------------------------------
     11676       1016        296         48        104      86877   Library Totals
        30          0          0          3          4          0   (incl. Padding)

    ----------------------------------------------------------------------

      Code (inc. data)   RO Data    RW Data    ZI Data      Debug   Library Name

      5332        538          0         37        100      83069   RTX_CM4.lib
      4612        452        296          0          0       2148   m_wm.l
       238         26          0          8          0        492   mc_w.l
      1464          0          0          0          0       1168   mf_w.l

    ----------------------------------------------------------------------
     11676       1016        296         48        104      86877   Library Totals

    ----------------------------------------------------------------------

==============================================================================


      Code (inc. data)   RO Data    RW Data    ZI Data      Debug   

     48724       2284        916        208       9616     657474   Grand Totals
     48724       2284        916        208       9616     657474   ELF Image Totals
     48724       2284        916        208          0          0   ROM Totals

==============================================================================

    Total RO  Size (Code + RO Data)                49640 (  48.48kB)
    Total RW  Size (RW Data + ZI Data)              9824 (   9.59kB)
    Total ROM Size (Code + RO Data + RW Data)      49848 (  48.68kB)

==============================================================================

